Archive member included to satisfy reference by file (symbol)

/home/rory/ti/ccsv8/tools/compiler/gcc-arm-none-eabi-7-2017-q4-major/arm-none-eabi/lib/thumb/v7e-m/fpv4-sp/hard/libc_nano.a(lib_a-exit.o)
                              /home/rory/ti/ccsv8/tools/compiler/gcc-arm-none-eabi-7-2017-q4-major/bin/../lib/gcc/arm-none-eabi/7.2.1/../../../../arm-none-eabi/lib/thumb/v7e-m/fpv4-sp/hard/crt0.o (exit)
/home/rory/ti/ccsv8/tools/compiler/gcc-arm-none-eabi-7-2017-q4-major/arm-none-eabi/lib/thumb/v7e-m/fpv4-sp/hard/libc_nano.a(lib_a-impure.o)
                              /home/rory/ti/ccsv8/tools/compiler/gcc-arm-none-eabi-7-2017-q4-major/arm-none-eabi/lib/thumb/v7e-m/fpv4-sp/hard/libc_nano.a(lib_a-exit.o) (_global_impure_ptr)
/home/rory/ti/ccsv8/tools/compiler/gcc-arm-none-eabi-7-2017-q4-major/arm-none-eabi/lib/thumb/v7e-m/fpv4-sp/hard/libc_nano.a(lib_a-init.o)
                              /home/rory/ti/ccsv8/tools/compiler/gcc-arm-none-eabi-7-2017-q4-major/bin/../lib/gcc/arm-none-eabi/7.2.1/../../../../arm-none-eabi/lib/thumb/v7e-m/fpv4-sp/hard/crt0.o (__libc_init_array)
/home/rory/ti/ccsv8/tools/compiler/gcc-arm-none-eabi-7-2017-q4-major/arm-none-eabi/lib/thumb/v7e-m/fpv4-sp/hard/libc_nano.a(lib_a-memset.o)
                              /home/rory/ti/ccsv8/tools/compiler/gcc-arm-none-eabi-7-2017-q4-major/bin/../lib/gcc/arm-none-eabi/7.2.1/../../../../arm-none-eabi/lib/thumb/v7e-m/fpv4-sp/hard/crt0.o (memset)
/home/rory/ti/ccsv8/tools/compiler/gcc-arm-none-eabi-7-2017-q4-major/arm-none-eabi/lib/thumb/v7e-m/fpv4-sp/hard/libnosys.a(_exit.o)
                              /home/rory/ti/ccsv8/tools/compiler/gcc-arm-none-eabi-7-2017-q4-major/arm-none-eabi/lib/thumb/v7e-m/fpv4-sp/hard/libc_nano.a(lib_a-exit.o) (_exit)

Discarded input sections

 .text.SystemCoreClockUpdate
                0x0000000000000000      0x2f8 ./system_msp432p401r.o
 .eh_frame      0x0000000000000000        0x4 /home/rory/ti/ccsv8/tools/compiler/gcc-arm-none-eabi-7-2017-q4-major/bin/../lib/gcc/arm-none-eabi/7.2.1/thumb/v7e-m/fpv4-sp/hard/crtend.o

Memory Configuration

Name             Origin             Length             Attributes
MAIN_FLASH       0x0000000000000000 0x0000000000040000 xr
INFO_FLASH       0x0000000000200000 0x0000000000004000 xr
SRAM_CODE        0x0000000001000000 0x0000000000010000 xrw
SRAM_DATA        0x0000000020000000 0x0000000000010000 rw
*default*        0x0000000000000000 0xffffffffffffffff

Linker script and memory map

LOAD /home/rory/ti/ccsv8/tools/compiler/gcc-arm-none-eabi-7-2017-q4-major/bin/../lib/gcc/arm-none-eabi/7.2.1/thumb/v7e-m/fpv4-sp/hard/crti.o
LOAD /home/rory/ti/ccsv8/tools/compiler/gcc-arm-none-eabi-7-2017-q4-major/bin/../lib/gcc/arm-none-eabi/7.2.1/thumb/v7e-m/fpv4-sp/hard/crtbegin.o
LOAD /home/rory/ti/ccsv8/tools/compiler/gcc-arm-none-eabi-7-2017-q4-major/bin/../lib/gcc/arm-none-eabi/7.2.1/../../../../arm-none-eabi/lib/thumb/v7e-m/fpv4-sp/hard/crt0.o
LOAD ./msp432p401x_ta0_01.o
LOAD ./system_msp432p401r.o
LOAD ./gcc/startup_msp432p401r_gcc.o
                0x0000000000000000                PROVIDE (_intvecs_base_address, DEFINED (_intvecs_base_address)?_intvecs_base_address:0x0)

.intvecs        0x0000000000000000       0xe4
 *(.intvecs)
 .intvecs       0x0000000000000000       0xe4 ./gcc/startup_msp432p401r_gcc.o
                0x0000000000000000                interruptVectors
                0x0000000000200000                PROVIDE (_mailbox_base_address, 0x200000)

.flashMailbox
 *(.flashMailbox)
                0x0000000000201000                PROVIDE (_tlv_base_address, 0x201000)

.tlvTable
 *(.tlvTable)
                0x0000000000202000                PROVIDE (_bsl_base_address, 0x202000)

.bslArea
 *(.bslArea)
                0x0000000020000000                PROVIDE (_vtable_base_address, DEFINED (_vtable_base_address)?_vtable_base_address:0x20000000)

.vtable
 *(.vtable)

.text           0x00000000000000e4      0x2e8
 CREATE_OBJECT_SYMBOLS
 *(.text)
 .text          0x00000000000000e4        0x0 /home/rory/ti/ccsv8/tools/compiler/gcc-arm-none-eabi-7-2017-q4-major/bin/../lib/gcc/arm-none-eabi/7.2.1/thumb/v7e-m/fpv4-sp/hard/crti.o
 .text          0x00000000000000e4       0x40 /home/rory/ti/ccsv8/tools/compiler/gcc-arm-none-eabi-7-2017-q4-major/bin/../lib/gcc/arm-none-eabi/7.2.1/thumb/v7e-m/fpv4-sp/hard/crtbegin.o
 .text          0x0000000000000124       0x74 /home/rory/ti/ccsv8/tools/compiler/gcc-arm-none-eabi-7-2017-q4-major/bin/../lib/gcc/arm-none-eabi/7.2.1/../../../../arm-none-eabi/lib/thumb/v7e-m/fpv4-sp/hard/crt0.o
                0x0000000000000124                _mainCRTStartup
                0x0000000000000124                _start
 .text          0x0000000000000198        0x0 ./msp432p401x_ta0_01.o
 .text          0x0000000000000198        0x0 ./system_msp432p401r.o
 .text          0x0000000000000198        0x0 ./gcc/startup_msp432p401r_gcc.o
 .text          0x0000000000000198        0x0 /home/rory/ti/ccsv8/tools/compiler/gcc-arm-none-eabi-7-2017-q4-major/arm-none-eabi/lib/thumb/v7e-m/fpv4-sp/hard/libc_nano.a(lib_a-exit.o)
 .text          0x0000000000000198        0x0 /home/rory/ti/ccsv8/tools/compiler/gcc-arm-none-eabi-7-2017-q4-major/arm-none-eabi/lib/thumb/v7e-m/fpv4-sp/hard/libc_nano.a(lib_a-impure.o)
 .text          0x0000000000000198        0x0 /home/rory/ti/ccsv8/tools/compiler/gcc-arm-none-eabi-7-2017-q4-major/arm-none-eabi/lib/thumb/v7e-m/fpv4-sp/hard/libc_nano.a(lib_a-init.o)
 .text          0x0000000000000198        0x0 /home/rory/ti/ccsv8/tools/compiler/gcc-arm-none-eabi-7-2017-q4-major/arm-none-eabi/lib/thumb/v7e-m/fpv4-sp/hard/libc_nano.a(lib_a-memset.o)
 .text          0x0000000000000198        0x0 /home/rory/ti/ccsv8/tools/compiler/gcc-arm-none-eabi-7-2017-q4-major/arm-none-eabi/lib/thumb/v7e-m/fpv4-sp/hard/libnosys.a(_exit.o)
 .text          0x0000000000000198        0x0 /home/rory/ti/ccsv8/tools/compiler/gcc-arm-none-eabi-7-2017-q4-major/bin/../lib/gcc/arm-none-eabi/7.2.1/thumb/v7e-m/fpv4-sp/hard/crtend.o
 .text          0x0000000000000198        0x0 /home/rory/ti/ccsv8/tools/compiler/gcc-arm-none-eabi-7-2017-q4-major/bin/../lib/gcc/arm-none-eabi/7.2.1/thumb/v7e-m/fpv4-sp/hard/crtn.o
 *(.text.*)
 .text.main     0x0000000000000198       0x78 ./msp432p401x_ta0_01.o
                0x0000000000000198                main
 .text.TA0_0_IRQHandler
                0x0000000000000210       0x4c ./msp432p401x_ta0_01.o
                0x0000000000000210                TA0_0_IRQHandler
 .text.SystemInit
                0x000000000000025c       0x80 ./system_msp432p401r.o
                0x000000000000025c                SystemInit
 .text.Reset_Handler
                0x00000000000002dc       0x44 ./gcc/startup_msp432p401r_gcc.o
                0x00000000000002dc                Reset_Handler
 .text.Default_Handler
                0x0000000000000320        0x6 ./gcc/startup_msp432p401r_gcc.o
                0x0000000000000320                CS_IRQHandler
                0x0000000000000320                DebugMon_Handler
                0x0000000000000320                AES256_IRQHandler
                0x0000000000000320                HardFault_Handler
                0x0000000000000320                SysTick_Handler
                0x0000000000000320                PendSV_Handler
                0x0000000000000320                NMI_Handler
                0x0000000000000320                RTC_C_IRQHandler
                0x0000000000000320                PORT1_IRQHandler
                0x0000000000000320                FPU_IRQHandler
                0x0000000000000320                PORT2_IRQHandler
                0x0000000000000320                TA3_0_IRQHandler
                0x0000000000000320                UsageFault_Handler
                0x0000000000000320                DMA_INT3_IRQHandler
                0x0000000000000320                TA2_0_IRQHandler
                0x0000000000000320                DMA_INT1_IRQHandler
                0x0000000000000320                WDT_A_IRQHandler
                0x0000000000000320                TA2_N_IRQHandler
                0x0000000000000320                TA1_0_IRQHandler
                0x0000000000000320                PSS_IRQHandler
                0x0000000000000320                DMA_INT2_IRQHandler
                0x0000000000000320                EUSCIA3_IRQHandler
                0x0000000000000320                DMA_INT0_IRQHandler
                0x0000000000000320                PORT4_IRQHandler
                0x0000000000000320                PORT5_IRQHandler
                0x0000000000000320                EUSCIB0_IRQHandler
                0x0000000000000320                Default_Handler
                0x0000000000000320                T32_INTC_IRQHandler
                0x0000000000000320                TA3_N_IRQHandler
                0x0000000000000320                EUSCIA2_IRQHandler
                0x0000000000000320                PORT6_IRQHandler
                0x0000000000000320                PORT3_IRQHandler
                0x0000000000000320                MemManage_Handler
                0x0000000000000320                SVC_Handler
                0x0000000000000320                TA1_N_IRQHandler
                0x0000000000000320                EUSCIA1_IRQHandler
                0x0000000000000320                COMP_E1_IRQHandler
                0x0000000000000320                EUSCIB2_IRQHandler
                0x0000000000000320                FLCTL_IRQHandler
                0x0000000000000320                EUSCIB3_IRQHandler
                0x0000000000000320                T32_INT1_IRQHandler
                0x0000000000000320                DMA_ERR_IRQHandler
                0x0000000000000320                ADC14_IRQHandler
                0x0000000000000320                EUSCIA0_IRQHandler
                0x0000000000000320                BusFault_Handler
                0x0000000000000320                PCM_IRQHandler
                0x0000000000000320                TA0_N_IRQHandler
                0x0000000000000320                COMP_E0_IRQHandler
                0x0000000000000320                EUSCIB1_IRQHandler
                0x0000000000000320                T32_INT2_IRQHandler
 *fill*         0x0000000000000326        0x2 
 .text.exit     0x0000000000000328       0x28 /home/rory/ti/ccsv8/tools/compiler/gcc-arm-none-eabi-7-2017-q4-major/arm-none-eabi/lib/thumb/v7e-m/fpv4-sp/hard/libc_nano.a(lib_a-exit.o)
                0x0000000000000328                exit
 .text.__libc_init_array
                0x0000000000000350       0x48 /home/rory/ti/ccsv8/tools/compiler/gcc-arm-none-eabi-7-2017-q4-major/arm-none-eabi/lib/thumb/v7e-m/fpv4-sp/hard/libc_nano.a(lib_a-init.o)
                0x0000000000000350                __libc_init_array
 .text.memset   0x0000000000000398       0x10 /home/rory/ti/ccsv8/tools/compiler/gcc-arm-none-eabi-7-2017-q4-major/arm-none-eabi/lib/thumb/v7e-m/fpv4-sp/hard/libc_nano.a(lib_a-memset.o)
                0x0000000000000398                memset
 .text._exit    0x00000000000003a8        0x4 /home/rory/ti/ccsv8/tools/compiler/gcc-arm-none-eabi-7-2017-q4-major/arm-none-eabi/lib/thumb/v7e-m/fpv4-sp/hard/libnosys.a(_exit.o)
                0x00000000000003a8                _exit
                0x00000000000003ac                . = ALIGN (0x4)
 *(.ctors)
                0x00000000000003ac                . = ALIGN (0x4)
 *(.dtors)
                0x00000000000003ac                . = ALIGN (0x4)
                0x00000000000003ac                __init_array_start = .
 *(.init_array*)
 .init_array    0x00000000000003ac        0x4 /home/rory/ti/ccsv8/tools/compiler/gcc-arm-none-eabi-7-2017-q4-major/bin/../lib/gcc/arm-none-eabi/7.2.1/thumb/v7e-m/fpv4-sp/hard/crtbegin.o
                0x00000000000003b0                __init_array_end = .
 *(.init)
 .init          0x00000000000003b0        0x4 /home/rory/ti/ccsv8/tools/compiler/gcc-arm-none-eabi-7-2017-q4-major/bin/../lib/gcc/arm-none-eabi/7.2.1/thumb/v7e-m/fpv4-sp/hard/crti.o
                0x00000000000003b0                _init
 .init          0x00000000000003b4        0x8 /home/rory/ti/ccsv8/tools/compiler/gcc-arm-none-eabi-7-2017-q4-major/bin/../lib/gcc/arm-none-eabi/7.2.1/thumb/v7e-m/fpv4-sp/hard/crtn.o
 *(.fini*)
 .fini          0x00000000000003bc        0x4 /home/rory/ti/ccsv8/tools/compiler/gcc-arm-none-eabi-7-2017-q4-major/bin/../lib/gcc/arm-none-eabi/7.2.1/thumb/v7e-m/fpv4-sp/hard/crti.o
                0x00000000000003bc                _fini
 .fini_array    0x00000000000003c0        0x4 /home/rory/ti/ccsv8/tools/compiler/gcc-arm-none-eabi-7-2017-q4-major/bin/../lib/gcc/arm-none-eabi/7.2.1/thumb/v7e-m/fpv4-sp/hard/crtbegin.o
 .fini          0x00000000000003c4        0x8 /home/rory/ti/ccsv8/tools/compiler/gcc-arm-none-eabi-7-2017-q4-major/bin/../lib/gcc/arm-none-eabi/7.2.1/thumb/v7e-m/fpv4-sp/hard/crtn.o

.glue_7         0x00000000000003cc        0x0
 .glue_7        0x00000000000003cc        0x0 linker stubs

.glue_7t        0x00000000000003cc        0x0
 .glue_7t       0x00000000000003cc        0x0 linker stubs

.vfp11_veneer   0x00000000000003cc        0x0
 .vfp11_veneer  0x00000000000003cc        0x0 linker stubs

.v4_bx          0x00000000000003cc        0x0
 .v4_bx         0x00000000000003cc        0x0 linker stubs

.iplt           0x00000000000003cc        0x0
 .iplt          0x00000000000003cc        0x0 /home/rory/ti/ccsv8/tools/compiler/gcc-arm-none-eabi-7-2017-q4-major/bin/../lib/gcc/arm-none-eabi/7.2.1/thumb/v7e-m/fpv4-sp/hard/crtbegin.o

.rodata         0x00000000000003cc        0x4
 *(.rodata)
 *(.rodata.*)
 .rodata._global_impure_ptr
                0x00000000000003cc        0x4 /home/rory/ti/ccsv8/tools/compiler/gcc-arm-none-eabi-7-2017-q4-major/arm-none-eabi/lib/thumb/v7e-m/fpv4-sp/hard/libc_nano.a(lib_a-impure.o)
                0x00000000000003cc                _global_impure_ptr

.eh_frame       0x00000000000003d0        0x0
 .eh_frame      0x00000000000003d0        0x0 /home/rory/ti/ccsv8/tools/compiler/gcc-arm-none-eabi-7-2017-q4-major/bin/../lib/gcc/arm-none-eabi/7.2.1/thumb/v7e-m/fpv4-sp/hard/crtbegin.o

.ARM.exidx      0x00000000000003d0        0x8
                0x00000000000003d0                __exidx_start = .
 *(.ARM.exidx* .gnu.linkonce.armexidx.*)
 .ARM.exidx     0x00000000000003d0        0x8 /home/rory/ti/ccsv8/tools/compiler/gcc-arm-none-eabi-7-2017-q4-major/bin/../lib/gcc/arm-none-eabi/7.2.1/../../../../arm-none-eabi/lib/thumb/v7e-m/fpv4-sp/hard/crt0.o
                0x00000000000003d8                __exidx_end = .

.ARM.extab      0x00000000000003d8        0x0
 *(.ARM.extab* .gnu.linkonce.armextab.*)
 .ARM.extab     0x00000000000003d8        0x0 /home/rory/ti/ccsv8/tools/compiler/gcc-arm-none-eabi-7-2017-q4-major/bin/../lib/gcc/arm-none-eabi/7.2.1/../../../../arm-none-eabi/lib/thumb/v7e-m/fpv4-sp/hard/crt0.o
                0x00000000000003d8                __etext = .

.rel.dyn        0x00000000000003d8        0x0
 .rel.iplt      0x00000000000003d8        0x0 /home/rory/ti/ccsv8/tools/compiler/gcc-arm-none-eabi-7-2017-q4-major/bin/../lib/gcc/arm-none-eabi/7.2.1/thumb/v7e-m/fpv4-sp/hard/crtbegin.o

.data           0x0000000020000000       0x6c load address 0x00000000000003d8
                0x00000000000003d8                __data_load__ = LOADADDR (.data)
                0x0000000020000000                __data_start__ = .
 *(.data)
 .data          0x0000000020000000        0x0 /home/rory/ti/ccsv8/tools/compiler/gcc-arm-none-eabi-7-2017-q4-major/bin/../lib/gcc/arm-none-eabi/7.2.1/thumb/v7e-m/fpv4-sp/hard/crti.o
 .data          0x0000000020000000        0x4 /home/rory/ti/ccsv8/tools/compiler/gcc-arm-none-eabi-7-2017-q4-major/bin/../lib/gcc/arm-none-eabi/7.2.1/thumb/v7e-m/fpv4-sp/hard/crtbegin.o
                0x0000000020000000                __dso_handle
 .data          0x0000000020000004        0x0 /home/rory/ti/ccsv8/tools/compiler/gcc-arm-none-eabi-7-2017-q4-major/bin/../lib/gcc/arm-none-eabi/7.2.1/../../../../arm-none-eabi/lib/thumb/v7e-m/fpv4-sp/hard/crt0.o
 .data          0x0000000020000004        0x0 ./msp432p401x_ta0_01.o
 .data          0x0000000020000004        0x0 ./system_msp432p401r.o
 .data          0x0000000020000004        0x0 ./gcc/startup_msp432p401r_gcc.o
 .data          0x0000000020000004        0x0 /home/rory/ti/ccsv8/tools/compiler/gcc-arm-none-eabi-7-2017-q4-major/arm-none-eabi/lib/thumb/v7e-m/fpv4-sp/hard/libc_nano.a(lib_a-exit.o)
 .data          0x0000000020000004        0x0 /home/rory/ti/ccsv8/tools/compiler/gcc-arm-none-eabi-7-2017-q4-major/arm-none-eabi/lib/thumb/v7e-m/fpv4-sp/hard/libc_nano.a(lib_a-impure.o)
 .data          0x0000000020000004        0x0 /home/rory/ti/ccsv8/tools/compiler/gcc-arm-none-eabi-7-2017-q4-major/arm-none-eabi/lib/thumb/v7e-m/fpv4-sp/hard/libc_nano.a(lib_a-init.o)
 .data          0x0000000020000004        0x0 /home/rory/ti/ccsv8/tools/compiler/gcc-arm-none-eabi-7-2017-q4-major/arm-none-eabi/lib/thumb/v7e-m/fpv4-sp/hard/libc_nano.a(lib_a-memset.o)
 .data          0x0000000020000004        0x0 /home/rory/ti/ccsv8/tools/compiler/gcc-arm-none-eabi-7-2017-q4-major/arm-none-eabi/lib/thumb/v7e-m/fpv4-sp/hard/libnosys.a(_exit.o)
 .data          0x0000000020000004        0x0 /home/rory/ti/ccsv8/tools/compiler/gcc-arm-none-eabi-7-2017-q4-major/bin/../lib/gcc/arm-none-eabi/7.2.1/thumb/v7e-m/fpv4-sp/hard/crtend.o
 .data          0x0000000020000004        0x0 /home/rory/ti/ccsv8/tools/compiler/gcc-arm-none-eabi-7-2017-q4-major/bin/../lib/gcc/arm-none-eabi/7.2.1/thumb/v7e-m/fpv4-sp/hard/crtn.o
 *(.data*)
 .data.SystemCoreClock
                0x0000000020000004        0x4 ./system_msp432p401r.o
                0x0000000020000004                SystemCoreClock
 .data._impure_ptr
                0x0000000020000008        0x4 /home/rory/ti/ccsv8/tools/compiler/gcc-arm-none-eabi-7-2017-q4-major/arm-none-eabi/lib/thumb/v7e-m/fpv4-sp/hard/libc_nano.a(lib_a-impure.o)
                0x0000000020000008                _impure_ptr
 .data.impure_data
                0x000000002000000c       0x60 /home/rory/ti/ccsv8/tools/compiler/gcc-arm-none-eabi-7-2017-q4-major/arm-none-eabi/lib/thumb/v7e-m/fpv4-sp/hard/libc_nano.a(lib_a-impure.o)
                0x000000002000006c                . = ALIGN (0x4)
                0x000000002000006c                __data_end__ = .

.igot.plt       0x000000002000006c        0x0 load address 0x0000000000000444
 .igot.plt      0x000000002000006c        0x0 /home/rory/ti/ccsv8/tools/compiler/gcc-arm-none-eabi-7-2017-q4-major/bin/../lib/gcc/arm-none-eabi/7.2.1/thumb/v7e-m/fpv4-sp/hard/crtbegin.o

.bss            0x000000002000006c       0x1c
                0x000000002000006c                __bss_start__ = .
 *(.shbss)
 *(.bss)
 .bss           0x000000002000006c        0x0 /home/rory/ti/ccsv8/tools/compiler/gcc-arm-none-eabi-7-2017-q4-major/bin/../lib/gcc/arm-none-eabi/7.2.1/thumb/v7e-m/fpv4-sp/hard/crti.o
 .bss           0x000000002000006c       0x1c /home/rory/ti/ccsv8/tools/compiler/gcc-arm-none-eabi-7-2017-q4-major/bin/../lib/gcc/arm-none-eabi/7.2.1/thumb/v7e-m/fpv4-sp/hard/crtbegin.o
 .bss           0x0000000020000088        0x0 /home/rory/ti/ccsv8/tools/compiler/gcc-arm-none-eabi-7-2017-q4-major/bin/../lib/gcc/arm-none-eabi/7.2.1/../../../../arm-none-eabi/lib/thumb/v7e-m/fpv4-sp/hard/crt0.o
 .bss           0x0000000020000088        0x0 ./msp432p401x_ta0_01.o
 .bss           0x0000000020000088        0x0 ./system_msp432p401r.o
 .bss           0x0000000020000088        0x0 ./gcc/startup_msp432p401r_gcc.o
 .bss           0x0000000020000088        0x0 /home/rory/ti/ccsv8/tools/compiler/gcc-arm-none-eabi-7-2017-q4-major/arm-none-eabi/lib/thumb/v7e-m/fpv4-sp/hard/libc_nano.a(lib_a-exit.o)
 .bss           0x0000000020000088        0x0 /home/rory/ti/ccsv8/tools/compiler/gcc-arm-none-eabi-7-2017-q4-major/arm-none-eabi/lib/thumb/v7e-m/fpv4-sp/hard/libc_nano.a(lib_a-impure.o)
 .bss           0x0000000020000088        0x0 /home/rory/ti/ccsv8/tools/compiler/gcc-arm-none-eabi-7-2017-q4-major/arm-none-eabi/lib/thumb/v7e-m/fpv4-sp/hard/libc_nano.a(lib_a-init.o)
 .bss           0x0000000020000088        0x0 /home/rory/ti/ccsv8/tools/compiler/gcc-arm-none-eabi-7-2017-q4-major/arm-none-eabi/lib/thumb/v7e-m/fpv4-sp/hard/libc_nano.a(lib_a-memset.o)
 .bss           0x0000000020000088        0x0 /home/rory/ti/ccsv8/tools/compiler/gcc-arm-none-eabi-7-2017-q4-major/arm-none-eabi/lib/thumb/v7e-m/fpv4-sp/hard/libnosys.a(_exit.o)
 .bss           0x0000000020000088        0x0 /home/rory/ti/ccsv8/tools/compiler/gcc-arm-none-eabi-7-2017-q4-major/bin/../lib/gcc/arm-none-eabi/7.2.1/thumb/v7e-m/fpv4-sp/hard/crtend.o
 .bss           0x0000000020000088        0x0 /home/rory/ti/ccsv8/tools/compiler/gcc-arm-none-eabi-7-2017-q4-major/bin/../lib/gcc/arm-none-eabi/7.2.1/thumb/v7e-m/fpv4-sp/hard/crtn.o
 *(.bss.*)
 *(COMMON)
                0x0000000020000088                . = ALIGN (0x4)
                0x0000000020000088                __bss_end__ = .

.heap           0x0000000020000088        0x0
                0x0000000020000088                __heap_start__ = .
                0x0000000020000088                end = __heap_start__
                0x0000000020000088                _end = end
                0x0000000020000088                __end = end
 *(.heap)
                0x0000000020000088                __heap_end__ = .
                0x0000000020000088                __HeapLimit = __heap_end__

.stack          0x0000000020000088        0x0
                0x0000000020000088                _stack = .
 *(.stack)
                0x0000000020010000                __StackTop = (ORIGIN (REGION_STACK) + LENGTH (REGION_STACK))
                0x0000000020010000                PROVIDE (__stack, __StackTop)
START GROUP
LOAD /home/rory/ti/simplelink_msp432p4_sdk_2_10_00_14/source/ti/display/lib/display.am4fg
LOAD /home/rory/ti/simplelink_msp432p4_sdk_2_10_00_14/source/ti/grlib/lib/gcc/m4f/grlib.a
LOAD /home/rory/ti/simplelink_msp432p4_sdk_2_10_00_14/source/third_party/spiffs/lib/gcc/m4f/spiffs.a
LOAD /home/rory/ti/simplelink_msp432p4_sdk_2_10_00_14/source/ti/drivers/lib/drivers_msp432p401x.am4fg
LOAD /home/rory/ti/simplelink_msp432p4_sdk_2_10_00_14/source/third_party/fatfs/lib/gcc/m4f/fatfs.a
LOAD /home/rory/ti/simplelink_msp432p4_sdk_2_10_00_14/source/ti/devices/msp432p4xx/driverlib/gcc/msp432p4xx_driverlib.a
LOAD /home/rory/ti/ccsv8/tools/compiler/gcc-arm-none-eabi-7-2017-q4-major/bin/../lib/gcc/arm-none-eabi/7.2.1/thumb/v7e-m/fpv4-sp/hard/libgcc.a
LOAD /home/rory/ti/ccsv8/tools/compiler/gcc-arm-none-eabi-7-2017-q4-major/arm-none-eabi/lib/thumb/v7e-m/fpv4-sp/hard/libm.a
LOAD /home/rory/ti/ccsv8/tools/compiler/gcc-arm-none-eabi-7-2017-q4-major/arm-none-eabi/lib/thumb/v7e-m/fpv4-sp/hard/libnosys.a
LOAD /home/rory/ti/ccsv8/tools/compiler/gcc-arm-none-eabi-7-2017-q4-major/arm-none-eabi/lib/thumb/v7e-m/fpv4-sp/hard/libc_nano.a
END GROUP
START GROUP
LOAD /home/rory/ti/ccsv8/tools/compiler/gcc-arm-none-eabi-7-2017-q4-major/bin/../lib/gcc/arm-none-eabi/7.2.1/thumb/v7e-m/fpv4-sp/hard/libgcc.a
LOAD /home/rory/ti/ccsv8/tools/compiler/gcc-arm-none-eabi-7-2017-q4-major/arm-none-eabi/lib/thumb/v7e-m/fpv4-sp/hard/libg_nano.a
LOAD /home/rory/ti/ccsv8/tools/compiler/gcc-arm-none-eabi-7-2017-q4-major/arm-none-eabi/lib/thumb/v7e-m/fpv4-sp/hard/libc_nano.a
END GROUP
START GROUP
LOAD /home/rory/ti/ccsv8/tools/compiler/gcc-arm-none-eabi-7-2017-q4-major/bin/../lib/gcc/arm-none-eabi/7.2.1/thumb/v7e-m/fpv4-sp/hard/libgcc.a
LOAD /home/rory/ti/ccsv8/tools/compiler/gcc-arm-none-eabi-7-2017-q4-major/arm-none-eabi/lib/thumb/v7e-m/fpv4-sp/hard/libc_nano.a
END GROUP
LOAD /home/rory/ti/ccsv8/tools/compiler/gcc-arm-none-eabi-7-2017-q4-major/bin/../lib/gcc/arm-none-eabi/7.2.1/thumb/v7e-m/fpv4-sp/hard/crtend.o
LOAD /home/rory/ti/ccsv8/tools/compiler/gcc-arm-none-eabi-7-2017-q4-major/bin/../lib/gcc/arm-none-eabi/7.2.1/thumb/v7e-m/fpv4-sp/hard/crtn.o
OUTPUT(msp432p401x_ta0_01_MSP_EXP432P401R_nortos_gcc.out elf32-littlearm)

.ARM.attributes
                0x0000000000000000       0x30
 .ARM.attributes
                0x0000000000000000       0x22 /home/rory/ti/ccsv8/tools/compiler/gcc-arm-none-eabi-7-2017-q4-major/bin/../lib/gcc/arm-none-eabi/7.2.1/thumb/v7e-m/fpv4-sp/hard/crti.o
 .ARM.attributes
                0x0000000000000022       0x34 /home/rory/ti/ccsv8/tools/compiler/gcc-arm-none-eabi-7-2017-q4-major/bin/../lib/gcc/arm-none-eabi/7.2.1/thumb/v7e-m/fpv4-sp/hard/crtbegin.o
 .ARM.attributes
                0x0000000000000056       0x20 /home/rory/ti/ccsv8/tools/compiler/gcc-arm-none-eabi-7-2017-q4-major/bin/../lib/gcc/arm-none-eabi/7.2.1/../../../../arm-none-eabi/lib/thumb/v7e-m/fpv4-sp/hard/crt0.o
 .ARM.attributes
                0x0000000000000076       0x39 ./msp432p401x_ta0_01.o
 .ARM.attributes
                0x00000000000000af       0x39 ./system_msp432p401r.o
 .ARM.attributes
                0x00000000000000e8       0x39 ./gcc/startup_msp432p401r_gcc.o
 .ARM.attributes
                0x0000000000000121       0x34 /home/rory/ti/ccsv8/tools/compiler/gcc-arm-none-eabi-7-2017-q4-major/arm-none-eabi/lib/thumb/v7e-m/fpv4-sp/hard/libc_nano.a(lib_a-exit.o)
 .ARM.attributes
                0x0000000000000155       0x34 /home/rory/ti/ccsv8/tools/compiler/gcc-arm-none-eabi-7-2017-q4-major/arm-none-eabi/lib/thumb/v7e-m/fpv4-sp/hard/libc_nano.a(lib_a-impure.o)
 .ARM.attributes
                0x0000000000000189       0x34 /home/rory/ti/ccsv8/tools/compiler/gcc-arm-none-eabi-7-2017-q4-major/arm-none-eabi/lib/thumb/v7e-m/fpv4-sp/hard/libc_nano.a(lib_a-init.o)
 .ARM.attributes
                0x00000000000001bd       0x34 /home/rory/ti/ccsv8/tools/compiler/gcc-arm-none-eabi-7-2017-q4-major/arm-none-eabi/lib/thumb/v7e-m/fpv4-sp/hard/libc_nano.a(lib_a-memset.o)
 .ARM.attributes
                0x00000000000001f1       0x34 /home/rory/ti/ccsv8/tools/compiler/gcc-arm-none-eabi-7-2017-q4-major/arm-none-eabi/lib/thumb/v7e-m/fpv4-sp/hard/libnosys.a(_exit.o)
 .ARM.attributes
                0x0000000000000225       0x34 /home/rory/ti/ccsv8/tools/compiler/gcc-arm-none-eabi-7-2017-q4-major/bin/../lib/gcc/arm-none-eabi/7.2.1/thumb/v7e-m/fpv4-sp/hard/crtend.o
 .ARM.attributes
                0x0000000000000259       0x22 /home/rory/ti/ccsv8/tools/compiler/gcc-arm-none-eabi-7-2017-q4-major/bin/../lib/gcc/arm-none-eabi/7.2.1/thumb/v7e-m/fpv4-sp/hard/crtn.o

.comment        0x0000000000000000       0x7e
 .comment       0x0000000000000000       0x7e ./msp432p401x_ta0_01.o
                                         0x7f (size before relaxing)
 .comment       0x000000000000007e       0x7f ./system_msp432p401r.o
 .comment       0x000000000000007e       0x7f ./gcc/startup_msp432p401r_gcc.o

.debug_info     0x0000000000000000     0x15f9
 .debug_info    0x0000000000000000      0x7a3 ./msp432p401x_ta0_01.o
 .debug_info    0x00000000000007a3      0xd14 ./system_msp432p401r.o
 .debug_info    0x00000000000014b7      0x142 ./gcc/startup_msp432p401r_gcc.o

.debug_abbrev   0x0000000000000000      0x335
 .debug_abbrev  0x0000000000000000      0x163 ./msp432p401x_ta0_01.o
 .debug_abbrev  0x0000000000000163      0x115 ./system_msp432p401r.o
 .debug_abbrev  0x0000000000000278       0xbd ./gcc/startup_msp432p401r_gcc.o

.debug_aranges  0x0000000000000000       0x78
 .debug_aranges
                0x0000000000000000       0x28 ./msp432p401x_ta0_01.o
 .debug_aranges
                0x0000000000000028       0x28 ./system_msp432p401r.o
 .debug_aranges
                0x0000000000000050       0x28 ./gcc/startup_msp432p401r_gcc.o

.debug_ranges   0x0000000000000000       0x48
 .debug_ranges  0x0000000000000000       0x18 ./msp432p401x_ta0_01.o
 .debug_ranges  0x0000000000000018       0x18 ./system_msp432p401r.o
 .debug_ranges  0x0000000000000030       0x18 ./gcc/startup_msp432p401r_gcc.o

.debug_line     0x0000000000000000      0x614
 .debug_line    0x0000000000000000      0x240 ./msp432p401x_ta0_01.o
 .debug_line    0x0000000000000240      0x288 ./system_msp432p401r.o
 .debug_line    0x00000000000004c8      0x14c ./gcc/startup_msp432p401r_gcc.o

.debug_str      0x0000000000000000      0xe47
 .debug_str     0x0000000000000000      0x5c4 ./msp432p401x_ta0_01.o
                                        0x61f (size before relaxing)
 .debug_str     0x00000000000005c4      0x7e5 ./system_msp432p401r.o
                                        0xaf2 (size before relaxing)
 .debug_str     0x0000000000000da9       0x9e ./gcc/startup_msp432p401r_gcc.o
                                        0x263 (size before relaxing)

.debug_frame    0x0000000000000000      0x180
 .debug_frame   0x0000000000000000       0x48 ./msp432p401x_ta0_01.o
 .debug_frame   0x0000000000000048       0x58 ./system_msp432p401r.o
 .debug_frame   0x00000000000000a0       0x4c ./gcc/startup_msp432p401r_gcc.o
 .debug_frame   0x00000000000000ec       0x28 /home/rory/ti/ccsv8/tools/compiler/gcc-arm-none-eabi-7-2017-q4-major/arm-none-eabi/lib/thumb/v7e-m/fpv4-sp/hard/libc_nano.a(lib_a-exit.o)
 .debug_frame   0x0000000000000114       0x2c /home/rory/ti/ccsv8/tools/compiler/gcc-arm-none-eabi-7-2017-q4-major/arm-none-eabi/lib/thumb/v7e-m/fpv4-sp/hard/libc_nano.a(lib_a-init.o)
 .debug_frame   0x0000000000000140       0x20 /home/rory/ti/ccsv8/tools/compiler/gcc-arm-none-eabi-7-2017-q4-major/arm-none-eabi/lib/thumb/v7e-m/fpv4-sp/hard/libc_nano.a(lib_a-memset.o)
 .debug_frame   0x0000000000000160       0x20 /home/rory/ti/ccsv8/tools/compiler/gcc-arm-none-eabi-7-2017-q4-major/arm-none-eabi/lib/thumb/v7e-m/fpv4-sp/hard/libnosys.a(_exit.o)
