Archive member included to satisfy reference by file (symbol)

/home/rory/ti/ccsv8/tools/compiler/gcc-arm-none-eabi-7-2017-q4-major/bin/../lib/gcc/arm-none-eabi/7.2.1/../../../../arm-none-eabi/lib/thumb/v7e-m/fpv4-sp/hard/libc.a(lib_a-exit.o)
                              /home/rory/ti/ccsv8/tools/compiler/gcc-arm-none-eabi-7-2017-q4-major/bin/../lib/gcc/arm-none-eabi/7.2.1/../../../../arm-none-eabi/lib/thumb/v7e-m/fpv4-sp/hard/crt0.o (exit)
/home/rory/ti/ccsv8/tools/compiler/gcc-arm-none-eabi-7-2017-q4-major/bin/../lib/gcc/arm-none-eabi/7.2.1/../../../../arm-none-eabi/lib/thumb/v7e-m/fpv4-sp/hard/libc.a(lib_a-impure.o)
                              /home/rory/ti/ccsv8/tools/compiler/gcc-arm-none-eabi-7-2017-q4-major/bin/../lib/gcc/arm-none-eabi/7.2.1/../../../../arm-none-eabi/lib/thumb/v7e-m/fpv4-sp/hard/libc.a(lib_a-exit.o) (_global_impure_ptr)
/home/rory/ti/ccsv8/tools/compiler/gcc-arm-none-eabi-7-2017-q4-major/bin/../lib/gcc/arm-none-eabi/7.2.1/../../../../arm-none-eabi/lib/thumb/v7e-m/fpv4-sp/hard/libc.a(lib_a-init.o)
                              /home/rory/ti/ccsv8/tools/compiler/gcc-arm-none-eabi-7-2017-q4-major/bin/../lib/gcc/arm-none-eabi/7.2.1/../../../../arm-none-eabi/lib/thumb/v7e-m/fpv4-sp/hard/crt0.o (__libc_init_array)
/home/rory/ti/ccsv8/tools/compiler/gcc-arm-none-eabi-7-2017-q4-major/bin/../lib/gcc/arm-none-eabi/7.2.1/../../../../arm-none-eabi/lib/thumb/v7e-m/fpv4-sp/hard/libc.a(lib_a-malloc.o)
                              ./src/display.o (malloc)
/home/rory/ti/ccsv8/tools/compiler/gcc-arm-none-eabi-7-2017-q4-major/bin/../lib/gcc/arm-none-eabi/7.2.1/../../../../arm-none-eabi/lib/thumb/v7e-m/fpv4-sp/hard/libc.a(lib_a-mallocr.o)
                              /home/rory/ti/ccsv8/tools/compiler/gcc-arm-none-eabi-7-2017-q4-major/bin/../lib/gcc/arm-none-eabi/7.2.1/../../../../arm-none-eabi/lib/thumb/v7e-m/fpv4-sp/hard/libc.a(lib_a-malloc.o) (_malloc_r)
/home/rory/ti/ccsv8/tools/compiler/gcc-arm-none-eabi-7-2017-q4-major/bin/../lib/gcc/arm-none-eabi/7.2.1/../../../../arm-none-eabi/lib/thumb/v7e-m/fpv4-sp/hard/libc.a(lib_a-memset.o)
                              /home/rory/ti/ccsv8/tools/compiler/gcc-arm-none-eabi-7-2017-q4-major/bin/../lib/gcc/arm-none-eabi/7.2.1/../../../../arm-none-eabi/lib/thumb/v7e-m/fpv4-sp/hard/crt0.o (memset)
/home/rory/ti/ccsv8/tools/compiler/gcc-arm-none-eabi-7-2017-q4-major/bin/../lib/gcc/arm-none-eabi/7.2.1/../../../../arm-none-eabi/lib/thumb/v7e-m/fpv4-sp/hard/libc.a(lib_a-mlock.o)
                              /home/rory/ti/ccsv8/tools/compiler/gcc-arm-none-eabi-7-2017-q4-major/bin/../lib/gcc/arm-none-eabi/7.2.1/../../../../arm-none-eabi/lib/thumb/v7e-m/fpv4-sp/hard/libc.a(lib_a-mallocr.o) (__malloc_lock)
/home/rory/ti/ccsv8/tools/compiler/gcc-arm-none-eabi-7-2017-q4-major/bin/../lib/gcc/arm-none-eabi/7.2.1/../../../../arm-none-eabi/lib/thumb/v7e-m/fpv4-sp/hard/libc.a(lib_a-sbrkr.o)
                              /home/rory/ti/ccsv8/tools/compiler/gcc-arm-none-eabi-7-2017-q4-major/bin/../lib/gcc/arm-none-eabi/7.2.1/../../../../arm-none-eabi/lib/thumb/v7e-m/fpv4-sp/hard/libc.a(lib_a-mallocr.o) (_sbrk_r)
/home/rory/ti/ccsv8/tools/compiler/gcc-arm-none-eabi-7-2017-q4-major/bin/../lib/gcc/arm-none-eabi/7.2.1/../../../../arm-none-eabi/lib/thumb/v7e-m/fpv4-sp/hard/libc.a(lib_a-__call_atexit.o)
                              /home/rory/ti/ccsv8/tools/compiler/gcc-arm-none-eabi-7-2017-q4-major/bin/../lib/gcc/arm-none-eabi/7.2.1/../../../../arm-none-eabi/lib/thumb/v7e-m/fpv4-sp/hard/libc.a(lib_a-exit.o) (__call_exitprocs)
/home/rory/ti/ccsv8/tools/compiler/gcc-arm-none-eabi-7-2017-q4-major/bin/../lib/gcc/arm-none-eabi/7.2.1/../../../../arm-none-eabi/lib/thumb/v7e-m/fpv4-sp/hard/libc.a(lib_a-atexit.o)
                              /home/rory/ti/ccsv8/tools/compiler/gcc-arm-none-eabi-7-2017-q4-major/bin/../lib/gcc/arm-none-eabi/7.2.1/../../../../arm-none-eabi/lib/thumb/v7e-m/fpv4-sp/hard/libc.a(lib_a-__call_atexit.o) (atexit)
/home/rory/ti/ccsv8/tools/compiler/gcc-arm-none-eabi-7-2017-q4-major/bin/../lib/gcc/arm-none-eabi/7.2.1/../../../../arm-none-eabi/lib/thumb/v7e-m/fpv4-sp/hard/libc.a(lib_a-fini.o)
                              /home/rory/ti/ccsv8/tools/compiler/gcc-arm-none-eabi-7-2017-q4-major/bin/../lib/gcc/arm-none-eabi/7.2.1/../../../../arm-none-eabi/lib/thumb/v7e-m/fpv4-sp/hard/libc.a(lib_a-__call_atexit.o) (__libc_fini_array)
/home/rory/ti/ccsv8/tools/compiler/gcc-arm-none-eabi-7-2017-q4-major/bin/../lib/gcc/arm-none-eabi/7.2.1/../../../../arm-none-eabi/lib/thumb/v7e-m/fpv4-sp/hard/libc.a(lib_a-freer.o)
                              /home/rory/ti/ccsv8/tools/compiler/gcc-arm-none-eabi-7-2017-q4-major/bin/../lib/gcc/arm-none-eabi/7.2.1/../../../../arm-none-eabi/lib/thumb/v7e-m/fpv4-sp/hard/libc.a(lib_a-malloc.o) (_free_r)
/home/rory/ti/ccsv8/tools/compiler/gcc-arm-none-eabi-7-2017-q4-major/bin/../lib/gcc/arm-none-eabi/7.2.1/../../../../arm-none-eabi/lib/thumb/v7e-m/fpv4-sp/hard/libc.a(lib_a-lock.o)
                              /home/rory/ti/ccsv8/tools/compiler/gcc-arm-none-eabi-7-2017-q4-major/bin/../lib/gcc/arm-none-eabi/7.2.1/../../../../arm-none-eabi/lib/thumb/v7e-m/fpv4-sp/hard/libc.a(lib_a-mlock.o) (__retarget_lock_acquire_recursive)
/home/rory/ti/ccsv8/tools/compiler/gcc-arm-none-eabi-7-2017-q4-major/bin/../lib/gcc/arm-none-eabi/7.2.1/../../../../arm-none-eabi/lib/thumb/v7e-m/fpv4-sp/hard/libc.a(lib_a-reent.o)
                              /home/rory/ti/ccsv8/tools/compiler/gcc-arm-none-eabi-7-2017-q4-major/bin/../lib/gcc/arm-none-eabi/7.2.1/../../../../arm-none-eabi/lib/thumb/v7e-m/fpv4-sp/hard/libc.a(lib_a-sbrkr.o) (errno)
/home/rory/ti/ccsv8/tools/compiler/gcc-arm-none-eabi-7-2017-q4-major/bin/../lib/gcc/arm-none-eabi/7.2.1/../../../../arm-none-eabi/lib/thumb/v7e-m/fpv4-sp/hard/libc.a(lib_a-__atexit.o)
                              /home/rory/ti/ccsv8/tools/compiler/gcc-arm-none-eabi-7-2017-q4-major/bin/../lib/gcc/arm-none-eabi/7.2.1/../../../../arm-none-eabi/lib/thumb/v7e-m/fpv4-sp/hard/libc.a(lib_a-atexit.o) (__register_exitproc)
/home/rory/ti/ccsv8/tools/compiler/gcc-arm-none-eabi-7-2017-q4-major/bin/../lib/gcc/arm-none-eabi/7.2.1/../../../../arm-none-eabi/lib/thumb/v7e-m/fpv4-sp/hard/libnosys.a(sbrk.o)
                              /home/rory/ti/ccsv8/tools/compiler/gcc-arm-none-eabi-7-2017-q4-major/bin/../lib/gcc/arm-none-eabi/7.2.1/../../../../arm-none-eabi/lib/thumb/v7e-m/fpv4-sp/hard/libc.a(lib_a-sbrkr.o) (_sbrk)
/home/rory/ti/ccsv8/tools/compiler/gcc-arm-none-eabi-7-2017-q4-major/bin/../lib/gcc/arm-none-eabi/7.2.1/../../../../arm-none-eabi/lib/thumb/v7e-m/fpv4-sp/hard/libnosys.a(_exit.o)
                              /home/rory/ti/ccsv8/tools/compiler/gcc-arm-none-eabi-7-2017-q4-major/bin/../lib/gcc/arm-none-eabi/7.2.1/../../../../arm-none-eabi/lib/thumb/v7e-m/fpv4-sp/hard/libc.a(lib_a-exit.o) (_exit)

Allocating common symbols
Common symbol       size              file

__lock___atexit_recursive_mutex
                    0x1               /home/rory/ti/ccsv8/tools/compiler/gcc-arm-none-eabi-7-2017-q4-major/bin/../lib/gcc/arm-none-eabi/7.2.1/../../../../arm-none-eabi/lib/thumb/v7e-m/fpv4-sp/hard/libc.a(lib_a-lock.o)
__lock___arc4random_mutex
                    0x1               /home/rory/ti/ccsv8/tools/compiler/gcc-arm-none-eabi-7-2017-q4-major/bin/../lib/gcc/arm-none-eabi/7.2.1/../../../../arm-none-eabi/lib/thumb/v7e-m/fpv4-sp/hard/libc.a(lib_a-lock.o)
errno               0x4               /home/rory/ti/ccsv8/tools/compiler/gcc-arm-none-eabi-7-2017-q4-major/bin/../lib/gcc/arm-none-eabi/7.2.1/../../../../arm-none-eabi/lib/thumb/v7e-m/fpv4-sp/hard/libc.a(lib_a-reent.o)
__lock___env_recursive_mutex
                    0x1               /home/rory/ti/ccsv8/tools/compiler/gcc-arm-none-eabi-7-2017-q4-major/bin/../lib/gcc/arm-none-eabi/7.2.1/../../../../arm-none-eabi/lib/thumb/v7e-m/fpv4-sp/hard/libc.a(lib_a-lock.o)
__lock___sinit_recursive_mutex
                    0x1               /home/rory/ti/ccsv8/tools/compiler/gcc-arm-none-eabi-7-2017-q4-major/bin/../lib/gcc/arm-none-eabi/7.2.1/../../../../arm-none-eabi/lib/thumb/v7e-m/fpv4-sp/hard/libc.a(lib_a-lock.o)
display             0x4               ./src/main.o
__lock___malloc_recursive_mutex
                    0x1               /home/rory/ti/ccsv8/tools/compiler/gcc-arm-none-eabi-7-2017-q4-major/bin/../lib/gcc/arm-none-eabi/7.2.1/../../../../arm-none-eabi/lib/thumb/v7e-m/fpv4-sp/hard/libc.a(lib_a-lock.o)
__lock___at_quick_exit_mutex
                    0x1               /home/rory/ti/ccsv8/tools/compiler/gcc-arm-none-eabi-7-2017-q4-major/bin/../lib/gcc/arm-none-eabi/7.2.1/../../../../arm-none-eabi/lib/thumb/v7e-m/fpv4-sp/hard/libc.a(lib_a-lock.o)
__lock___dd_hash_mutex
                    0x1               /home/rory/ti/ccsv8/tools/compiler/gcc-arm-none-eabi-7-2017-q4-major/bin/../lib/gcc/arm-none-eabi/7.2.1/../../../../arm-none-eabi/lib/thumb/v7e-m/fpv4-sp/hard/libc.a(lib_a-lock.o)
__lock___tz_mutex   0x1               /home/rory/ti/ccsv8/tools/compiler/gcc-arm-none-eabi-7-2017-q4-major/bin/../lib/gcc/arm-none-eabi/7.2.1/../../../../arm-none-eabi/lib/thumb/v7e-m/fpv4-sp/hard/libc.a(lib_a-lock.o)
__lock___sfp_recursive_mutex
                    0x1               /home/rory/ti/ccsv8/tools/compiler/gcc-arm-none-eabi-7-2017-q4-major/bin/../lib/gcc/arm-none-eabi/7.2.1/../../../../arm-none-eabi/lib/thumb/v7e-m/fpv4-sp/hard/libc.a(lib_a-lock.o)

Memory Configuration

Name             Origin             Length             Attributes
MAIN_FLASH       0x0000000000000000 0x0000000000040000 xr
INFO_FLASH       0x0000000000200000 0x0000000000004000 xr
SRAM_CODE        0x0000000001000000 0x0000000000010000 xrw
SRAM_DATA        0x0000000020000000 0x0000000000010000 rw
*default*        0x0000000000000000 0xffffffffffffffff

Linker script and memory map

LOAD /home/rory/ti/ccsv8/tools/compiler/gcc-arm-none-eabi-7-2017-q4-major/bin/../lib/gcc/arm-none-eabi/7.2.1/thumb/v7e-m/fpv4-sp/hard/crti.o
LOAD /home/rory/ti/ccsv8/tools/compiler/gcc-arm-none-eabi-7-2017-q4-major/bin/../lib/gcc/arm-none-eabi/7.2.1/thumb/v7e-m/fpv4-sp/hard/crtbegin.o
LOAD /home/rory/ti/ccsv8/tools/compiler/gcc-arm-none-eabi-7-2017-q4-major/bin/../lib/gcc/arm-none-eabi/7.2.1/../../../../arm-none-eabi/lib/thumb/v7e-m/fpv4-sp/hard/crt0.o
LOAD ./startup_msp432p401r_gcc.o
LOAD ./system_msp432p401r.o
LOAD ./src/display.o
LOAD ./src/main.o
                0x0000000000000000                PROVIDE (_intvecs_base_address, DEFINED (_intvecs_base_address)?_intvecs_base_address:0x0)

.intvecs        0x0000000000000000       0xe4
 *(.intvecs)
 .intvecs       0x0000000000000000       0xe4 ./startup_msp432p401r_gcc.o
                0x0000000000000000                interruptVectors
                0x0000000000200000                PROVIDE (_mailbox_base_address, 0x200000)

.flashMailbox
 *(.flashMailbox)
                0x0000000000201000                PROVIDE (_tlv_base_address, 0x201000)

.tlvTable
 *(.tlvTable)
                0x0000000000202000                PROVIDE (_bsl_base_address, 0x202000)

.bslArea
 *(.bslArea)
                0x0000000020000000                PROVIDE (_vtable_base_address, DEFINED (_vtable_base_address)?_vtable_base_address:0x20000000)

.vtable
 *(.vtable)

.text           0x00000000000000e4     0x1230
 CREATE_OBJECT_SYMBOLS
 *(.text)
 .text          0x00000000000000e4        0x0 /home/rory/ti/ccsv8/tools/compiler/gcc-arm-none-eabi-7-2017-q4-major/bin/../lib/gcc/arm-none-eabi/7.2.1/thumb/v7e-m/fpv4-sp/hard/crti.o
 .text          0x00000000000000e4       0x40 /home/rory/ti/ccsv8/tools/compiler/gcc-arm-none-eabi-7-2017-q4-major/bin/../lib/gcc/arm-none-eabi/7.2.1/thumb/v7e-m/fpv4-sp/hard/crtbegin.o
 .text          0x0000000000000124       0x74 /home/rory/ti/ccsv8/tools/compiler/gcc-arm-none-eabi-7-2017-q4-major/bin/../lib/gcc/arm-none-eabi/7.2.1/../../../../arm-none-eabi/lib/thumb/v7e-m/fpv4-sp/hard/crt0.o
                0x0000000000000124                _mainCRTStartup
                0x0000000000000124                _start
 .text          0x0000000000000198       0x4c ./startup_msp432p401r_gcc.o
                0x0000000000000198                Reset_Handler
                0x00000000000001dc                CS_IRQHandler
                0x00000000000001dc                DebugMon_Handler
                0x00000000000001dc                AES256_IRQHandler
                0x00000000000001dc                HardFault_Handler
                0x00000000000001dc                SysTick_Handler
                0x00000000000001dc                PendSV_Handler
                0x00000000000001dc                NMI_Handler
                0x00000000000001dc                RTC_C_IRQHandler
                0x00000000000001dc                PORT1_IRQHandler
                0x00000000000001dc                FPU_IRQHandler
                0x00000000000001dc                PORT2_IRQHandler
                0x00000000000001dc                TA3_0_IRQHandler
                0x00000000000001dc                UsageFault_Handler
                0x00000000000001dc                DMA_INT3_IRQHandler
                0x00000000000001dc                TA2_0_IRQHandler
                0x00000000000001dc                DMA_INT1_IRQHandler
                0x00000000000001dc                WDT_A_IRQHandler
                0x00000000000001dc                TA2_N_IRQHandler
                0x00000000000001dc                TA1_0_IRQHandler
                0x00000000000001dc                PSS_IRQHandler
                0x00000000000001dc                DMA_INT2_IRQHandler
                0x00000000000001dc                EUSCIA3_IRQHandler
                0x00000000000001dc                DMA_INT0_IRQHandler
                0x00000000000001dc                PORT4_IRQHandler
                0x00000000000001dc                PORT5_IRQHandler
                0x00000000000001dc                EUSCIB0_IRQHandler
                0x00000000000001dc                Default_Handler
                0x00000000000001dc                T32_INTC_IRQHandler
                0x00000000000001dc                TA3_N_IRQHandler
                0x00000000000001dc                EUSCIA2_IRQHandler
                0x00000000000001dc                PORT6_IRQHandler
                0x00000000000001dc                PORT3_IRQHandler
                0x00000000000001dc                MemManage_Handler
                0x00000000000001dc                SVC_Handler
                0x00000000000001dc                TA1_N_IRQHandler
                0x00000000000001dc                EUSCIA1_IRQHandler
                0x00000000000001dc                COMP_E1_IRQHandler
                0x00000000000001dc                EUSCIB2_IRQHandler
                0x00000000000001dc                FLCTL_IRQHandler
                0x00000000000001dc                EUSCIB3_IRQHandler
                0x00000000000001dc                T32_INT1_IRQHandler
                0x00000000000001dc                DMA_ERR_IRQHandler
                0x00000000000001dc                ADC14_IRQHandler
                0x00000000000001dc                EUSCIA0_IRQHandler
                0x00000000000001dc                BusFault_Handler
                0x00000000000001dc                PCM_IRQHandler
                0x00000000000001dc                TA0_N_IRQHandler
                0x00000000000001dc                COMP_E0_IRQHandler
                0x00000000000001dc                EUSCIB1_IRQHandler
                0x00000000000001dc                T32_INT2_IRQHandler
 .text          0x00000000000001e4      0x378 ./system_msp432p401r.o
                0x00000000000001e4                SystemCoreClockUpdate
                0x00000000000004dc                SystemInit
 .text          0x000000000000055c       0xf6 ./src/display.o
                0x0000000000000578                display_init
                0x00000000000005fc                display_swap_buffers
 *fill*         0x0000000000000652        0x2 
 .text          0x0000000000000654       0x80 ./src/main.o
                0x0000000000000654                main
                0x00000000000006bc                TA0_0_IRQHandler
 .text          0x00000000000006d4        0x0 /home/rory/ti/ccsv8/tools/compiler/gcc-arm-none-eabi-7-2017-q4-major/bin/../lib/gcc/arm-none-eabi/7.2.1/../../../../arm-none-eabi/lib/thumb/v7e-m/fpv4-sp/hard/libc.a(lib_a-exit.o)
 .text          0x00000000000006d4        0x0 /home/rory/ti/ccsv8/tools/compiler/gcc-arm-none-eabi-7-2017-q4-major/bin/../lib/gcc/arm-none-eabi/7.2.1/../../../../arm-none-eabi/lib/thumb/v7e-m/fpv4-sp/hard/libc.a(lib_a-impure.o)
 .text          0x00000000000006d4        0x0 /home/rory/ti/ccsv8/tools/compiler/gcc-arm-none-eabi-7-2017-q4-major/bin/../lib/gcc/arm-none-eabi/7.2.1/../../../../arm-none-eabi/lib/thumb/v7e-m/fpv4-sp/hard/libc.a(lib_a-init.o)
 .text          0x00000000000006d4        0x0 /home/rory/ti/ccsv8/tools/compiler/gcc-arm-none-eabi-7-2017-q4-major/bin/../lib/gcc/arm-none-eabi/7.2.1/../../../../arm-none-eabi/lib/thumb/v7e-m/fpv4-sp/hard/libc.a(lib_a-malloc.o)
 .text          0x00000000000006d4        0x0 /home/rory/ti/ccsv8/tools/compiler/gcc-arm-none-eabi-7-2017-q4-major/bin/../lib/gcc/arm-none-eabi/7.2.1/../../../../arm-none-eabi/lib/thumb/v7e-m/fpv4-sp/hard/libc.a(lib_a-mallocr.o)
 .text          0x00000000000006d4        0x0 /home/rory/ti/ccsv8/tools/compiler/gcc-arm-none-eabi-7-2017-q4-major/bin/../lib/gcc/arm-none-eabi/7.2.1/../../../../arm-none-eabi/lib/thumb/v7e-m/fpv4-sp/hard/libc.a(lib_a-memset.o)
 .text          0x00000000000006d4        0x0 /home/rory/ti/ccsv8/tools/compiler/gcc-arm-none-eabi-7-2017-q4-major/bin/../lib/gcc/arm-none-eabi/7.2.1/../../../../arm-none-eabi/lib/thumb/v7e-m/fpv4-sp/hard/libc.a(lib_a-mlock.o)
 .text          0x00000000000006d4        0x0 /home/rory/ti/ccsv8/tools/compiler/gcc-arm-none-eabi-7-2017-q4-major/bin/../lib/gcc/arm-none-eabi/7.2.1/../../../../arm-none-eabi/lib/thumb/v7e-m/fpv4-sp/hard/libc.a(lib_a-sbrkr.o)
 .text          0x00000000000006d4        0x0 /home/rory/ti/ccsv8/tools/compiler/gcc-arm-none-eabi-7-2017-q4-major/bin/../lib/gcc/arm-none-eabi/7.2.1/../../../../arm-none-eabi/lib/thumb/v7e-m/fpv4-sp/hard/libc.a(lib_a-__call_atexit.o)
 .text          0x00000000000006d4        0x0 /home/rory/ti/ccsv8/tools/compiler/gcc-arm-none-eabi-7-2017-q4-major/bin/../lib/gcc/arm-none-eabi/7.2.1/../../../../arm-none-eabi/lib/thumb/v7e-m/fpv4-sp/hard/libc.a(lib_a-atexit.o)
 .text          0x00000000000006d4        0x0 /home/rory/ti/ccsv8/tools/compiler/gcc-arm-none-eabi-7-2017-q4-major/bin/../lib/gcc/arm-none-eabi/7.2.1/../../../../arm-none-eabi/lib/thumb/v7e-m/fpv4-sp/hard/libc.a(lib_a-fini.o)
 .text          0x00000000000006d4        0x0 /home/rory/ti/ccsv8/tools/compiler/gcc-arm-none-eabi-7-2017-q4-major/bin/../lib/gcc/arm-none-eabi/7.2.1/../../../../arm-none-eabi/lib/thumb/v7e-m/fpv4-sp/hard/libc.a(lib_a-freer.o)
 .text          0x00000000000006d4        0x0 /home/rory/ti/ccsv8/tools/compiler/gcc-arm-none-eabi-7-2017-q4-major/bin/../lib/gcc/arm-none-eabi/7.2.1/../../../../arm-none-eabi/lib/thumb/v7e-m/fpv4-sp/hard/libc.a(lib_a-lock.o)
 .text          0x00000000000006d4        0x0 /home/rory/ti/ccsv8/tools/compiler/gcc-arm-none-eabi-7-2017-q4-major/bin/../lib/gcc/arm-none-eabi/7.2.1/../../../../arm-none-eabi/lib/thumb/v7e-m/fpv4-sp/hard/libc.a(lib_a-reent.o)
 .text          0x00000000000006d4        0x0 /home/rory/ti/ccsv8/tools/compiler/gcc-arm-none-eabi-7-2017-q4-major/bin/../lib/gcc/arm-none-eabi/7.2.1/../../../../arm-none-eabi/lib/thumb/v7e-m/fpv4-sp/hard/libc.a(lib_a-__atexit.o)
 .text          0x00000000000006d4        0x0 /home/rory/ti/ccsv8/tools/compiler/gcc-arm-none-eabi-7-2017-q4-major/bin/../lib/gcc/arm-none-eabi/7.2.1/../../../../arm-none-eabi/lib/thumb/v7e-m/fpv4-sp/hard/libnosys.a(sbrk.o)
 .text          0x00000000000006d4        0x0 /home/rory/ti/ccsv8/tools/compiler/gcc-arm-none-eabi-7-2017-q4-major/bin/../lib/gcc/arm-none-eabi/7.2.1/../../../../arm-none-eabi/lib/thumb/v7e-m/fpv4-sp/hard/libnosys.a(_exit.o)
 .text          0x00000000000006d4        0x0 /home/rory/ti/ccsv8/tools/compiler/gcc-arm-none-eabi-7-2017-q4-major/bin/../lib/gcc/arm-none-eabi/7.2.1/thumb/v7e-m/fpv4-sp/hard/crtend.o
 .text          0x00000000000006d4        0x0 /home/rory/ti/ccsv8/tools/compiler/gcc-arm-none-eabi-7-2017-q4-major/bin/../lib/gcc/arm-none-eabi/7.2.1/thumb/v7e-m/fpv4-sp/hard/crtn.o
 *(.text.*)
 .text.exit     0x00000000000006d4       0x20 /home/rory/ti/ccsv8/tools/compiler/gcc-arm-none-eabi-7-2017-q4-major/bin/../lib/gcc/arm-none-eabi/7.2.1/../../../../arm-none-eabi/lib/thumb/v7e-m/fpv4-sp/hard/libc.a(lib_a-exit.o)
                0x00000000000006d4                exit
 .text.__libc_init_array
                0x00000000000006f4       0x48 /home/rory/ti/ccsv8/tools/compiler/gcc-arm-none-eabi-7-2017-q4-major/bin/../lib/gcc/arm-none-eabi/7.2.1/../../../../arm-none-eabi/lib/thumb/v7e-m/fpv4-sp/hard/libc.a(lib_a-init.o)
                0x00000000000006f4                __libc_init_array
 .text.malloc   0x000000000000073c       0x10 /home/rory/ti/ccsv8/tools/compiler/gcc-arm-none-eabi-7-2017-q4-major/bin/../lib/gcc/arm-none-eabi/7.2.1/../../../../arm-none-eabi/lib/thumb/v7e-m/fpv4-sp/hard/libc.a(lib_a-malloc.o)
                0x000000000000073c                malloc
 .text.free     0x000000000000074c       0x10 /home/rory/ti/ccsv8/tools/compiler/gcc-arm-none-eabi-7-2017-q4-major/bin/../lib/gcc/arm-none-eabi/7.2.1/../../../../arm-none-eabi/lib/thumb/v7e-m/fpv4-sp/hard/libc.a(lib_a-malloc.o)
                0x000000000000074c                free
 .text._malloc_r
                0x000000000000075c      0x548 /home/rory/ti/ccsv8/tools/compiler/gcc-arm-none-eabi-7-2017-q4-major/bin/../lib/gcc/arm-none-eabi/7.2.1/../../../../arm-none-eabi/lib/thumb/v7e-m/fpv4-sp/hard/libc.a(lib_a-mallocr.o)
                0x000000000000075c                _malloc_r
 .text.memset   0x0000000000000ca4       0x94 /home/rory/ti/ccsv8/tools/compiler/gcc-arm-none-eabi-7-2017-q4-major/bin/../lib/gcc/arm-none-eabi/7.2.1/../../../../arm-none-eabi/lib/thumb/v7e-m/fpv4-sp/hard/libc.a(lib_a-memset.o)
                0x0000000000000ca4                memset
 .text.__malloc_lock
                0x0000000000000d38        0xc /home/rory/ti/ccsv8/tools/compiler/gcc-arm-none-eabi-7-2017-q4-major/bin/../lib/gcc/arm-none-eabi/7.2.1/../../../../arm-none-eabi/lib/thumb/v7e-m/fpv4-sp/hard/libc.a(lib_a-mlock.o)
                0x0000000000000d38                __malloc_lock
 .text.__malloc_unlock
                0x0000000000000d44        0xc /home/rory/ti/ccsv8/tools/compiler/gcc-arm-none-eabi-7-2017-q4-major/bin/../lib/gcc/arm-none-eabi/7.2.1/../../../../arm-none-eabi/lib/thumb/v7e-m/fpv4-sp/hard/libc.a(lib_a-mlock.o)
                0x0000000000000d44                __malloc_unlock
 .text._sbrk_r  0x0000000000000d50       0x24 /home/rory/ti/ccsv8/tools/compiler/gcc-arm-none-eabi-7-2017-q4-major/bin/../lib/gcc/arm-none-eabi/7.2.1/../../../../arm-none-eabi/lib/thumb/v7e-m/fpv4-sp/hard/libc.a(lib_a-sbrkr.o)
                0x0000000000000d50                _sbrk_r
 .text.startup.register_fini
                0x0000000000000d74       0x14 /home/rory/ti/ccsv8/tools/compiler/gcc-arm-none-eabi-7-2017-q4-major/bin/../lib/gcc/arm-none-eabi/7.2.1/../../../../arm-none-eabi/lib/thumb/v7e-m/fpv4-sp/hard/libc.a(lib_a-__call_atexit.o)
 .text.__call_exitprocs
                0x0000000000000d88       0xe8 /home/rory/ti/ccsv8/tools/compiler/gcc-arm-none-eabi-7-2017-q4-major/bin/../lib/gcc/arm-none-eabi/7.2.1/../../../../arm-none-eabi/lib/thumb/v7e-m/fpv4-sp/hard/libc.a(lib_a-__call_atexit.o)
                0x0000000000000d88                __call_exitprocs
 .text.atexit   0x0000000000000e70        0xc /home/rory/ti/ccsv8/tools/compiler/gcc-arm-none-eabi-7-2017-q4-major/bin/../lib/gcc/arm-none-eabi/7.2.1/../../../../arm-none-eabi/lib/thumb/v7e-m/fpv4-sp/hard/libc.a(lib_a-atexit.o)
                0x0000000000000e70                atexit
 .text.__libc_fini_array
                0x0000000000000e7c       0x34 /home/rory/ti/ccsv8/tools/compiler/gcc-arm-none-eabi-7-2017-q4-major/bin/../lib/gcc/arm-none-eabi/7.2.1/../../../../arm-none-eabi/lib/thumb/v7e-m/fpv4-sp/hard/libc.a(lib_a-fini.o)
                0x0000000000000e7c                __libc_fini_array
 .text._malloc_trim_r
                0x0000000000000eb0       0xa0 /home/rory/ti/ccsv8/tools/compiler/gcc-arm-none-eabi-7-2017-q4-major/bin/../lib/gcc/arm-none-eabi/7.2.1/../../../../arm-none-eabi/lib/thumb/v7e-m/fpv4-sp/hard/libc.a(lib_a-freer.o)
                0x0000000000000eb0                _malloc_trim_r
 .text._free_r  0x0000000000000f50      0x1e8 /home/rory/ti/ccsv8/tools/compiler/gcc-arm-none-eabi-7-2017-q4-major/bin/../lib/gcc/arm-none-eabi/7.2.1/../../../../arm-none-eabi/lib/thumb/v7e-m/fpv4-sp/hard/libc.a(lib_a-freer.o)
                0x0000000000000f50                _free_r
 .text.__retarget_lock_init
                0x0000000000001138        0x4 /home/rory/ti/ccsv8/tools/compiler/gcc-arm-none-eabi-7-2017-q4-major/bin/../lib/gcc/arm-none-eabi/7.2.1/../../../../arm-none-eabi/lib/thumb/v7e-m/fpv4-sp/hard/libc.a(lib_a-lock.o)
                0x0000000000001138                __retarget_lock_init
 .text.__retarget_lock_init_recursive
                0x000000000000113c        0x4 /home/rory/ti/ccsv8/tools/compiler/gcc-arm-none-eabi-7-2017-q4-major/bin/../lib/gcc/arm-none-eabi/7.2.1/../../../../arm-none-eabi/lib/thumb/v7e-m/fpv4-sp/hard/libc.a(lib_a-lock.o)
                0x000000000000113c                __retarget_lock_init_recursive
 .text.__retarget_lock_close
                0x0000000000001140        0x4 /home/rory/ti/ccsv8/tools/compiler/gcc-arm-none-eabi-7-2017-q4-major/bin/../lib/gcc/arm-none-eabi/7.2.1/../../../../arm-none-eabi/lib/thumb/v7e-m/fpv4-sp/hard/libc.a(lib_a-lock.o)
                0x0000000000001140                __retarget_lock_close
 .text.__retarget_lock_close_recursive
                0x0000000000001144        0x4 /home/rory/ti/ccsv8/tools/compiler/gcc-arm-none-eabi-7-2017-q4-major/bin/../lib/gcc/arm-none-eabi/7.2.1/../../../../arm-none-eabi/lib/thumb/v7e-m/fpv4-sp/hard/libc.a(lib_a-lock.o)
                0x0000000000001144                __retarget_lock_close_recursive
 .text.__retarget_lock_acquire
                0x0000000000001148        0x4 /home/rory/ti/ccsv8/tools/compiler/gcc-arm-none-eabi-7-2017-q4-major/bin/../lib/gcc/arm-none-eabi/7.2.1/../../../../arm-none-eabi/lib/thumb/v7e-m/fpv4-sp/hard/libc.a(lib_a-lock.o)
                0x0000000000001148                __retarget_lock_acquire
 .text.__retarget_lock_acquire_recursive
                0x000000000000114c        0x4 /home/rory/ti/ccsv8/tools/compiler/gcc-arm-none-eabi-7-2017-q4-major/bin/../lib/gcc/arm-none-eabi/7.2.1/../../../../arm-none-eabi/lib/thumb/v7e-m/fpv4-sp/hard/libc.a(lib_a-lock.o)
                0x000000000000114c                __retarget_lock_acquire_recursive
 .text.__retarget_lock_try_acquire
                0x0000000000001150        0x4 /home/rory/ti/ccsv8/tools/compiler/gcc-arm-none-eabi-7-2017-q4-major/bin/../lib/gcc/arm-none-eabi/7.2.1/../../../../arm-none-eabi/lib/thumb/v7e-m/fpv4-sp/hard/libc.a(lib_a-lock.o)
                0x0000000000001150                __retarget_lock_try_acquire
 .text.__retarget_lock_try_acquire_recursive
                0x0000000000001154        0x4 /home/rory/ti/ccsv8/tools/compiler/gcc-arm-none-eabi-7-2017-q4-major/bin/../lib/gcc/arm-none-eabi/7.2.1/../../../../arm-none-eabi/lib/thumb/v7e-m/fpv4-sp/hard/libc.a(lib_a-lock.o)
                0x0000000000001154                __retarget_lock_try_acquire_recursive
 .text.__retarget_lock_release
                0x0000000000001158        0x4 /home/rory/ti/ccsv8/tools/compiler/gcc-arm-none-eabi-7-2017-q4-major/bin/../lib/gcc/arm-none-eabi/7.2.1/../../../../arm-none-eabi/lib/thumb/v7e-m/fpv4-sp/hard/libc.a(lib_a-lock.o)
                0x0000000000001158                __retarget_lock_release
 .text.__retarget_lock_release_recursive
                0x000000000000115c        0x4 /home/rory/ti/ccsv8/tools/compiler/gcc-arm-none-eabi-7-2017-q4-major/bin/../lib/gcc/arm-none-eabi/7.2.1/../../../../arm-none-eabi/lib/thumb/v7e-m/fpv4-sp/hard/libc.a(lib_a-lock.o)
                0x000000000000115c                __retarget_lock_release_recursive
 .text.cleanup_glue
                0x0000000000001160       0x28 /home/rory/ti/ccsv8/tools/compiler/gcc-arm-none-eabi-7-2017-q4-major/bin/../lib/gcc/arm-none-eabi/7.2.1/../../../../arm-none-eabi/lib/thumb/v7e-m/fpv4-sp/hard/libc.a(lib_a-reent.o)
                0x0000000000001160                cleanup_glue
 .text._reclaim_reent
                0x0000000000001188       0x88 /home/rory/ti/ccsv8/tools/compiler/gcc-arm-none-eabi-7-2017-q4-major/bin/../lib/gcc/arm-none-eabi/7.2.1/../../../../arm-none-eabi/lib/thumb/v7e-m/fpv4-sp/hard/libc.a(lib_a-reent.o)
                0x0000000000001188                _reclaim_reent
 .text.__register_exitproc
                0x0000000000001210       0xc0 /home/rory/ti/ccsv8/tools/compiler/gcc-arm-none-eabi-7-2017-q4-major/bin/../lib/gcc/arm-none-eabi/7.2.1/../../../../arm-none-eabi/lib/thumb/v7e-m/fpv4-sp/hard/libc.a(lib_a-__atexit.o)
                0x0000000000001210                __register_exitproc
 .text._sbrk    0x00000000000012d0       0x1c /home/rory/ti/ccsv8/tools/compiler/gcc-arm-none-eabi-7-2017-q4-major/bin/../lib/gcc/arm-none-eabi/7.2.1/../../../../arm-none-eabi/lib/thumb/v7e-m/fpv4-sp/hard/libnosys.a(sbrk.o)
                0x00000000000012d0                _sbrk
 .text._exit    0x00000000000012ec        0x4 /home/rory/ti/ccsv8/tools/compiler/gcc-arm-none-eabi-7-2017-q4-major/bin/../lib/gcc/arm-none-eabi/7.2.1/../../../../arm-none-eabi/lib/thumb/v7e-m/fpv4-sp/hard/libnosys.a(_exit.o)
                0x00000000000012ec                _exit
                0x00000000000012f0                . = ALIGN (0x4)
 *(.ctors)
                0x00000000000012f0                . = ALIGN (0x4)
 *(.dtors)
                0x00000000000012f0                . = ALIGN (0x4)
                0x00000000000012f0                __init_array_start = .
 *(.init_array*)
 .init_array    0x00000000000012f0        0x4 /home/rory/ti/ccsv8/tools/compiler/gcc-arm-none-eabi-7-2017-q4-major/bin/../lib/gcc/arm-none-eabi/7.2.1/thumb/v7e-m/fpv4-sp/hard/crtbegin.o
 .init_array.00000
                0x00000000000012f4        0x4 /home/rory/ti/ccsv8/tools/compiler/gcc-arm-none-eabi-7-2017-q4-major/bin/../lib/gcc/arm-none-eabi/7.2.1/../../../../arm-none-eabi/lib/thumb/v7e-m/fpv4-sp/hard/libc.a(lib_a-__call_atexit.o)
                0x00000000000012f8                __init_array_end = .
 *(.init)
 .init          0x00000000000012f8        0x4 /home/rory/ti/ccsv8/tools/compiler/gcc-arm-none-eabi-7-2017-q4-major/bin/../lib/gcc/arm-none-eabi/7.2.1/thumb/v7e-m/fpv4-sp/hard/crti.o
                0x00000000000012f8                _init
 .init          0x00000000000012fc        0x8 /home/rory/ti/ccsv8/tools/compiler/gcc-arm-none-eabi-7-2017-q4-major/bin/../lib/gcc/arm-none-eabi/7.2.1/thumb/v7e-m/fpv4-sp/hard/crtn.o
 *(.fini*)
 .fini          0x0000000000001304        0x4 /home/rory/ti/ccsv8/tools/compiler/gcc-arm-none-eabi-7-2017-q4-major/bin/../lib/gcc/arm-none-eabi/7.2.1/thumb/v7e-m/fpv4-sp/hard/crti.o
                0x0000000000001304                _fini
 .fini_array    0x0000000000001308        0x4 /home/rory/ti/ccsv8/tools/compiler/gcc-arm-none-eabi-7-2017-q4-major/bin/../lib/gcc/arm-none-eabi/7.2.1/thumb/v7e-m/fpv4-sp/hard/crtbegin.o
 .fini          0x000000000000130c        0x8 /home/rory/ti/ccsv8/tools/compiler/gcc-arm-none-eabi-7-2017-q4-major/bin/../lib/gcc/arm-none-eabi/7.2.1/thumb/v7e-m/fpv4-sp/hard/crtn.o

.glue_7         0x0000000000001314        0x0
 .glue_7        0x0000000000001314        0x0 linker stubs

.glue_7t        0x0000000000001314        0x0
 .glue_7t       0x0000000000001314        0x0 linker stubs

.vfp11_veneer   0x0000000000001314        0x0
 .vfp11_veneer  0x0000000000001314        0x0 linker stubs

.v4_bx          0x0000000000001314        0x0
 .v4_bx         0x0000000000001314        0x0 linker stubs

.iplt           0x0000000000001314        0x0
 .iplt          0x0000000000001314        0x0 /home/rory/ti/ccsv8/tools/compiler/gcc-arm-none-eabi-7-2017-q4-major/bin/../lib/gcc/arm-none-eabi/7.2.1/thumb/v7e-m/fpv4-sp/hard/crtbegin.o

.rodata         0x0000000000001314        0x4
 *(.rodata)
 *(.rodata.*)
 .rodata._global_impure_ptr
                0x0000000000001314        0x4 /home/rory/ti/ccsv8/tools/compiler/gcc-arm-none-eabi-7-2017-q4-major/bin/../lib/gcc/arm-none-eabi/7.2.1/../../../../arm-none-eabi/lib/thumb/v7e-m/fpv4-sp/hard/libc.a(lib_a-impure.o)
                0x0000000000001314                _global_impure_ptr

.eh_frame       0x0000000000001318        0x4
 .eh_frame      0x0000000000001318        0x0 /home/rory/ti/ccsv8/tools/compiler/gcc-arm-none-eabi-7-2017-q4-major/bin/../lib/gcc/arm-none-eabi/7.2.1/thumb/v7e-m/fpv4-sp/hard/crtbegin.o
 .eh_frame      0x0000000000001318        0x4 /home/rory/ti/ccsv8/tools/compiler/gcc-arm-none-eabi-7-2017-q4-major/bin/../lib/gcc/arm-none-eabi/7.2.1/thumb/v7e-m/fpv4-sp/hard/crtend.o

.ARM.exidx      0x000000000000131c        0x8
                0x000000000000131c                __exidx_start = .
 *(.ARM.exidx* .gnu.linkonce.armexidx.*)
 .ARM.exidx     0x000000000000131c        0x8 /home/rory/ti/ccsv8/tools/compiler/gcc-arm-none-eabi-7-2017-q4-major/bin/../lib/gcc/arm-none-eabi/7.2.1/../../../../arm-none-eabi/lib/thumb/v7e-m/fpv4-sp/hard/crt0.o
                0x0000000000001324                __exidx_end = .

.ARM.extab      0x0000000000001324        0x0
 *(.ARM.extab* .gnu.linkonce.armextab.*)
 .ARM.extab     0x0000000000001324        0x0 /home/rory/ti/ccsv8/tools/compiler/gcc-arm-none-eabi-7-2017-q4-major/bin/../lib/gcc/arm-none-eabi/7.2.1/../../../../arm-none-eabi/lib/thumb/v7e-m/fpv4-sp/hard/crt0.o
                0x0000000000001324                __etext = .

.rel.dyn        0x0000000000001324        0x0
 .rel.iplt      0x0000000000001324        0x0 /home/rory/ti/ccsv8/tools/compiler/gcc-arm-none-eabi-7-2017-q4-major/bin/../lib/gcc/arm-none-eabi/7.2.1/thumb/v7e-m/fpv4-sp/hard/crtbegin.o

.data           0x0000000020000000      0x84c load address 0x0000000000001324
                0x0000000000001324                __data_load__ = LOADADDR (.data)
                0x0000000020000000                __data_start__ = .
 *(.data)
 .data          0x0000000020000000        0x0 /home/rory/ti/ccsv8/tools/compiler/gcc-arm-none-eabi-7-2017-q4-major/bin/../lib/gcc/arm-none-eabi/7.2.1/thumb/v7e-m/fpv4-sp/hard/crti.o
 .data          0x0000000020000000        0x4 /home/rory/ti/ccsv8/tools/compiler/gcc-arm-none-eabi-7-2017-q4-major/bin/../lib/gcc/arm-none-eabi/7.2.1/thumb/v7e-m/fpv4-sp/hard/crtbegin.o
                0x0000000020000000                __dso_handle
 .data          0x0000000020000004        0x0 /home/rory/ti/ccsv8/tools/compiler/gcc-arm-none-eabi-7-2017-q4-major/bin/../lib/gcc/arm-none-eabi/7.2.1/../../../../arm-none-eabi/lib/thumb/v7e-m/fpv4-sp/hard/crt0.o
 .data          0x0000000020000004        0x0 ./startup_msp432p401r_gcc.o
 .data          0x0000000020000004        0x4 ./system_msp432p401r.o
                0x0000000020000004                SystemCoreClock
 .data          0x0000000020000008        0x0 ./src/display.o
 .data          0x0000000020000008        0x0 ./src/main.o
 .data          0x0000000020000008        0x0 /home/rory/ti/ccsv8/tools/compiler/gcc-arm-none-eabi-7-2017-q4-major/bin/../lib/gcc/arm-none-eabi/7.2.1/../../../../arm-none-eabi/lib/thumb/v7e-m/fpv4-sp/hard/libc.a(lib_a-exit.o)
 .data          0x0000000020000008        0x0 /home/rory/ti/ccsv8/tools/compiler/gcc-arm-none-eabi-7-2017-q4-major/bin/../lib/gcc/arm-none-eabi/7.2.1/../../../../arm-none-eabi/lib/thumb/v7e-m/fpv4-sp/hard/libc.a(lib_a-impure.o)
 .data          0x0000000020000008        0x0 /home/rory/ti/ccsv8/tools/compiler/gcc-arm-none-eabi-7-2017-q4-major/bin/../lib/gcc/arm-none-eabi/7.2.1/../../../../arm-none-eabi/lib/thumb/v7e-m/fpv4-sp/hard/libc.a(lib_a-init.o)
 .data          0x0000000020000008        0x0 /home/rory/ti/ccsv8/tools/compiler/gcc-arm-none-eabi-7-2017-q4-major/bin/../lib/gcc/arm-none-eabi/7.2.1/../../../../arm-none-eabi/lib/thumb/v7e-m/fpv4-sp/hard/libc.a(lib_a-malloc.o)
 .data          0x0000000020000008        0x0 /home/rory/ti/ccsv8/tools/compiler/gcc-arm-none-eabi-7-2017-q4-major/bin/../lib/gcc/arm-none-eabi/7.2.1/../../../../arm-none-eabi/lib/thumb/v7e-m/fpv4-sp/hard/libc.a(lib_a-mallocr.o)
 .data          0x0000000020000008        0x0 /home/rory/ti/ccsv8/tools/compiler/gcc-arm-none-eabi-7-2017-q4-major/bin/../lib/gcc/arm-none-eabi/7.2.1/../../../../arm-none-eabi/lib/thumb/v7e-m/fpv4-sp/hard/libc.a(lib_a-memset.o)
 .data          0x0000000020000008        0x0 /home/rory/ti/ccsv8/tools/compiler/gcc-arm-none-eabi-7-2017-q4-major/bin/../lib/gcc/arm-none-eabi/7.2.1/../../../../arm-none-eabi/lib/thumb/v7e-m/fpv4-sp/hard/libc.a(lib_a-mlock.o)
 .data          0x0000000020000008        0x0 /home/rory/ti/ccsv8/tools/compiler/gcc-arm-none-eabi-7-2017-q4-major/bin/../lib/gcc/arm-none-eabi/7.2.1/../../../../arm-none-eabi/lib/thumb/v7e-m/fpv4-sp/hard/libc.a(lib_a-sbrkr.o)
 .data          0x0000000020000008        0x0 /home/rory/ti/ccsv8/tools/compiler/gcc-arm-none-eabi-7-2017-q4-major/bin/../lib/gcc/arm-none-eabi/7.2.1/../../../../arm-none-eabi/lib/thumb/v7e-m/fpv4-sp/hard/libc.a(lib_a-__call_atexit.o)
 .data          0x0000000020000008        0x0 /home/rory/ti/ccsv8/tools/compiler/gcc-arm-none-eabi-7-2017-q4-major/bin/../lib/gcc/arm-none-eabi/7.2.1/../../../../arm-none-eabi/lib/thumb/v7e-m/fpv4-sp/hard/libc.a(lib_a-atexit.o)
 .data          0x0000000020000008        0x0 /home/rory/ti/ccsv8/tools/compiler/gcc-arm-none-eabi-7-2017-q4-major/bin/../lib/gcc/arm-none-eabi/7.2.1/../../../../arm-none-eabi/lib/thumb/v7e-m/fpv4-sp/hard/libc.a(lib_a-fini.o)
 .data          0x0000000020000008        0x0 /home/rory/ti/ccsv8/tools/compiler/gcc-arm-none-eabi-7-2017-q4-major/bin/../lib/gcc/arm-none-eabi/7.2.1/../../../../arm-none-eabi/lib/thumb/v7e-m/fpv4-sp/hard/libc.a(lib_a-freer.o)
 .data          0x0000000020000008        0x0 /home/rory/ti/ccsv8/tools/compiler/gcc-arm-none-eabi-7-2017-q4-major/bin/../lib/gcc/arm-none-eabi/7.2.1/../../../../arm-none-eabi/lib/thumb/v7e-m/fpv4-sp/hard/libc.a(lib_a-lock.o)
 .data          0x0000000020000008        0x0 /home/rory/ti/ccsv8/tools/compiler/gcc-arm-none-eabi-7-2017-q4-major/bin/../lib/gcc/arm-none-eabi/7.2.1/../../../../arm-none-eabi/lib/thumb/v7e-m/fpv4-sp/hard/libc.a(lib_a-reent.o)
 .data          0x0000000020000008        0x0 /home/rory/ti/ccsv8/tools/compiler/gcc-arm-none-eabi-7-2017-q4-major/bin/../lib/gcc/arm-none-eabi/7.2.1/../../../../arm-none-eabi/lib/thumb/v7e-m/fpv4-sp/hard/libc.a(lib_a-__atexit.o)
 .data          0x0000000020000008        0x0 /home/rory/ti/ccsv8/tools/compiler/gcc-arm-none-eabi-7-2017-q4-major/bin/../lib/gcc/arm-none-eabi/7.2.1/../../../../arm-none-eabi/lib/thumb/v7e-m/fpv4-sp/hard/libnosys.a(sbrk.o)
 .data          0x0000000020000008        0x0 /home/rory/ti/ccsv8/tools/compiler/gcc-arm-none-eabi-7-2017-q4-major/bin/../lib/gcc/arm-none-eabi/7.2.1/../../../../arm-none-eabi/lib/thumb/v7e-m/fpv4-sp/hard/libnosys.a(_exit.o)
 .data          0x0000000020000008        0x0 /home/rory/ti/ccsv8/tools/compiler/gcc-arm-none-eabi-7-2017-q4-major/bin/../lib/gcc/arm-none-eabi/7.2.1/thumb/v7e-m/fpv4-sp/hard/crtend.o
 .data          0x0000000020000008        0x0 /home/rory/ti/ccsv8/tools/compiler/gcc-arm-none-eabi-7-2017-q4-major/bin/../lib/gcc/arm-none-eabi/7.2.1/thumb/v7e-m/fpv4-sp/hard/crtn.o
 *(.data*)
 .data._impure_ptr
                0x0000000020000008        0x4 /home/rory/ti/ccsv8/tools/compiler/gcc-arm-none-eabi-7-2017-q4-major/bin/../lib/gcc/arm-none-eabi/7.2.1/../../../../arm-none-eabi/lib/thumb/v7e-m/fpv4-sp/hard/libc.a(lib_a-impure.o)
                0x0000000020000008                _impure_ptr
 *fill*         0x000000002000000c        0x4 
 .data.impure_data
                0x0000000020000010      0x428 /home/rory/ti/ccsv8/tools/compiler/gcc-arm-none-eabi-7-2017-q4-major/bin/../lib/gcc/arm-none-eabi/7.2.1/../../../../arm-none-eabi/lib/thumb/v7e-m/fpv4-sp/hard/libc.a(lib_a-impure.o)
 .data.__malloc_av_
                0x0000000020000438      0x408 /home/rory/ti/ccsv8/tools/compiler/gcc-arm-none-eabi-7-2017-q4-major/bin/../lib/gcc/arm-none-eabi/7.2.1/../../../../arm-none-eabi/lib/thumb/v7e-m/fpv4-sp/hard/libc.a(lib_a-mallocr.o)
                0x0000000020000438                __malloc_av_
 .data.__malloc_sbrk_base
                0x0000000020000840        0x4 /home/rory/ti/ccsv8/tools/compiler/gcc-arm-none-eabi-7-2017-q4-major/bin/../lib/gcc/arm-none-eabi/7.2.1/../../../../arm-none-eabi/lib/thumb/v7e-m/fpv4-sp/hard/libc.a(lib_a-mallocr.o)
                0x0000000020000840                __malloc_sbrk_base
 .data.__malloc_trim_threshold
                0x0000000020000844        0x4 /home/rory/ti/ccsv8/tools/compiler/gcc-arm-none-eabi-7-2017-q4-major/bin/../lib/gcc/arm-none-eabi/7.2.1/../../../../arm-none-eabi/lib/thumb/v7e-m/fpv4-sp/hard/libc.a(lib_a-mallocr.o)
                0x0000000020000844                __malloc_trim_threshold
 .data.__atexit_recursive_mutex
                0x0000000020000848        0x4 /home/rory/ti/ccsv8/tools/compiler/gcc-arm-none-eabi-7-2017-q4-major/bin/../lib/gcc/arm-none-eabi/7.2.1/../../../../arm-none-eabi/lib/thumb/v7e-m/fpv4-sp/hard/libc.a(lib_a-__call_atexit.o)
                0x0000000020000848                __atexit_recursive_mutex
                0x000000002000084c                . = ALIGN (0x4)
                0x000000002000084c                __data_end__ = .

.igot.plt       0x000000002000084c        0x0 load address 0x0000000000001b70
 .igot.plt      0x000000002000084c        0x0 /home/rory/ti/ccsv8/tools/compiler/gcc-arm-none-eabi-7-2017-q4-major/bin/../lib/gcc/arm-none-eabi/7.2.1/thumb/v7e-m/fpv4-sp/hard/crtbegin.o

.bss            0x000000002000084c       0x80
                0x000000002000084c                __bss_start__ = .
 *(.shbss)
 *(.bss)
 .bss           0x000000002000084c        0x0 /home/rory/ti/ccsv8/tools/compiler/gcc-arm-none-eabi-7-2017-q4-major/bin/../lib/gcc/arm-none-eabi/7.2.1/thumb/v7e-m/fpv4-sp/hard/crti.o
 .bss           0x000000002000084c       0x1c /home/rory/ti/ccsv8/tools/compiler/gcc-arm-none-eabi-7-2017-q4-major/bin/../lib/gcc/arm-none-eabi/7.2.1/thumb/v7e-m/fpv4-sp/hard/crtbegin.o
 .bss           0x0000000020000868        0x0 /home/rory/ti/ccsv8/tools/compiler/gcc-arm-none-eabi-7-2017-q4-major/bin/../lib/gcc/arm-none-eabi/7.2.1/../../../../arm-none-eabi/lib/thumb/v7e-m/fpv4-sp/hard/crt0.o
 .bss           0x0000000020000868        0x0 ./startup_msp432p401r_gcc.o
 .bss           0x0000000020000868        0x0 ./system_msp432p401r.o
 .bss           0x0000000020000868        0x0 ./src/display.o
 .bss           0x0000000020000868        0x0 ./src/main.o
 .bss           0x0000000020000868        0x0 /home/rory/ti/ccsv8/tools/compiler/gcc-arm-none-eabi-7-2017-q4-major/bin/../lib/gcc/arm-none-eabi/7.2.1/../../../../arm-none-eabi/lib/thumb/v7e-m/fpv4-sp/hard/libc.a(lib_a-exit.o)
 .bss           0x0000000020000868        0x0 /home/rory/ti/ccsv8/tools/compiler/gcc-arm-none-eabi-7-2017-q4-major/bin/../lib/gcc/arm-none-eabi/7.2.1/../../../../arm-none-eabi/lib/thumb/v7e-m/fpv4-sp/hard/libc.a(lib_a-impure.o)
 .bss           0x0000000020000868        0x0 /home/rory/ti/ccsv8/tools/compiler/gcc-arm-none-eabi-7-2017-q4-major/bin/../lib/gcc/arm-none-eabi/7.2.1/../../../../arm-none-eabi/lib/thumb/v7e-m/fpv4-sp/hard/libc.a(lib_a-init.o)
 .bss           0x0000000020000868        0x0 /home/rory/ti/ccsv8/tools/compiler/gcc-arm-none-eabi-7-2017-q4-major/bin/../lib/gcc/arm-none-eabi/7.2.1/../../../../arm-none-eabi/lib/thumb/v7e-m/fpv4-sp/hard/libc.a(lib_a-malloc.o)
 .bss           0x0000000020000868        0x0 /home/rory/ti/ccsv8/tools/compiler/gcc-arm-none-eabi-7-2017-q4-major/bin/../lib/gcc/arm-none-eabi/7.2.1/../../../../arm-none-eabi/lib/thumb/v7e-m/fpv4-sp/hard/libc.a(lib_a-mallocr.o)
 .bss           0x0000000020000868        0x0 /home/rory/ti/ccsv8/tools/compiler/gcc-arm-none-eabi-7-2017-q4-major/bin/../lib/gcc/arm-none-eabi/7.2.1/../../../../arm-none-eabi/lib/thumb/v7e-m/fpv4-sp/hard/libc.a(lib_a-memset.o)
 .bss           0x0000000020000868        0x0 /home/rory/ti/ccsv8/tools/compiler/gcc-arm-none-eabi-7-2017-q4-major/bin/../lib/gcc/arm-none-eabi/7.2.1/../../../../arm-none-eabi/lib/thumb/v7e-m/fpv4-sp/hard/libc.a(lib_a-mlock.o)
 .bss           0x0000000020000868        0x0 /home/rory/ti/ccsv8/tools/compiler/gcc-arm-none-eabi-7-2017-q4-major/bin/../lib/gcc/arm-none-eabi/7.2.1/../../../../arm-none-eabi/lib/thumb/v7e-m/fpv4-sp/hard/libc.a(lib_a-sbrkr.o)
 .bss           0x0000000020000868        0x0 /home/rory/ti/ccsv8/tools/compiler/gcc-arm-none-eabi-7-2017-q4-major/bin/../lib/gcc/arm-none-eabi/7.2.1/../../../../arm-none-eabi/lib/thumb/v7e-m/fpv4-sp/hard/libc.a(lib_a-__call_atexit.o)
 .bss           0x0000000020000868        0x0 /home/rory/ti/ccsv8/tools/compiler/gcc-arm-none-eabi-7-2017-q4-major/bin/../lib/gcc/arm-none-eabi/7.2.1/../../../../arm-none-eabi/lib/thumb/v7e-m/fpv4-sp/hard/libc.a(lib_a-atexit.o)
 .bss           0x0000000020000868        0x0 /home/rory/ti/ccsv8/tools/compiler/gcc-arm-none-eabi-7-2017-q4-major/bin/../lib/gcc/arm-none-eabi/7.2.1/../../../../arm-none-eabi/lib/thumb/v7e-m/fpv4-sp/hard/libc.a(lib_a-fini.o)
 .bss           0x0000000020000868        0x0 /home/rory/ti/ccsv8/tools/compiler/gcc-arm-none-eabi-7-2017-q4-major/bin/../lib/gcc/arm-none-eabi/7.2.1/../../../../arm-none-eabi/lib/thumb/v7e-m/fpv4-sp/hard/libc.a(lib_a-freer.o)
 .bss           0x0000000020000868        0x0 /home/rory/ti/ccsv8/tools/compiler/gcc-arm-none-eabi-7-2017-q4-major/bin/../lib/gcc/arm-none-eabi/7.2.1/../../../../arm-none-eabi/lib/thumb/v7e-m/fpv4-sp/hard/libc.a(lib_a-lock.o)
 .bss           0x0000000020000868        0x0 /home/rory/ti/ccsv8/tools/compiler/gcc-arm-none-eabi-7-2017-q4-major/bin/../lib/gcc/arm-none-eabi/7.2.1/../../../../arm-none-eabi/lib/thumb/v7e-m/fpv4-sp/hard/libc.a(lib_a-reent.o)
 .bss           0x0000000020000868        0x0 /home/rory/ti/ccsv8/tools/compiler/gcc-arm-none-eabi-7-2017-q4-major/bin/../lib/gcc/arm-none-eabi/7.2.1/../../../../arm-none-eabi/lib/thumb/v7e-m/fpv4-sp/hard/libc.a(lib_a-__atexit.o)
 .bss           0x0000000020000868        0x0 /home/rory/ti/ccsv8/tools/compiler/gcc-arm-none-eabi-7-2017-q4-major/bin/../lib/gcc/arm-none-eabi/7.2.1/../../../../arm-none-eabi/lib/thumb/v7e-m/fpv4-sp/hard/libnosys.a(sbrk.o)
 .bss           0x0000000020000868        0x0 /home/rory/ti/ccsv8/tools/compiler/gcc-arm-none-eabi-7-2017-q4-major/bin/../lib/gcc/arm-none-eabi/7.2.1/../../../../arm-none-eabi/lib/thumb/v7e-m/fpv4-sp/hard/libnosys.a(_exit.o)
 .bss           0x0000000020000868        0x0 /home/rory/ti/ccsv8/tools/compiler/gcc-arm-none-eabi-7-2017-q4-major/bin/../lib/gcc/arm-none-eabi/7.2.1/thumb/v7e-m/fpv4-sp/hard/crtend.o
 .bss           0x0000000020000868        0x0 /home/rory/ti/ccsv8/tools/compiler/gcc-arm-none-eabi-7-2017-q4-major/bin/../lib/gcc/arm-none-eabi/7.2.1/thumb/v7e-m/fpv4-sp/hard/crtn.o
 *(.bss.*)
 .bss.__malloc_current_mallinfo
                0x0000000020000868       0x28 /home/rory/ti/ccsv8/tools/compiler/gcc-arm-none-eabi-7-2017-q4-major/bin/../lib/gcc/arm-none-eabi/7.2.1/../../../../arm-none-eabi/lib/thumb/v7e-m/fpv4-sp/hard/libc.a(lib_a-mallocr.o)
                0x0000000020000868                __malloc_current_mallinfo
 .bss.__malloc_max_sbrked_mem
                0x0000000020000890        0x4 /home/rory/ti/ccsv8/tools/compiler/gcc-arm-none-eabi-7-2017-q4-major/bin/../lib/gcc/arm-none-eabi/7.2.1/../../../../arm-none-eabi/lib/thumb/v7e-m/fpv4-sp/hard/libc.a(lib_a-mallocr.o)
                0x0000000020000890                __malloc_max_sbrked_mem
 .bss.__malloc_max_total_mem
                0x0000000020000894        0x4 /home/rory/ti/ccsv8/tools/compiler/gcc-arm-none-eabi-7-2017-q4-major/bin/../lib/gcc/arm-none-eabi/7.2.1/../../../../arm-none-eabi/lib/thumb/v7e-m/fpv4-sp/hard/libc.a(lib_a-mallocr.o)
                0x0000000020000894                __malloc_max_total_mem
 .bss.__malloc_top_pad
                0x0000000020000898        0x4 /home/rory/ti/ccsv8/tools/compiler/gcc-arm-none-eabi-7-2017-q4-major/bin/../lib/gcc/arm-none-eabi/7.2.1/../../../../arm-none-eabi/lib/thumb/v7e-m/fpv4-sp/hard/libc.a(lib_a-mallocr.o)
                0x0000000020000898                __malloc_top_pad
 .bss.heap_end.5377
                0x000000002000089c        0x4 /home/rory/ti/ccsv8/tools/compiler/gcc-arm-none-eabi-7-2017-q4-major/bin/../lib/gcc/arm-none-eabi/7.2.1/../../../../arm-none-eabi/lib/thumb/v7e-m/fpv4-sp/hard/libnosys.a(sbrk.o)
 *(COMMON)
 COMMON         0x00000000200008a0        0x4 ./src/main.o
                0x00000000200008a0                display
 COMMON         0x00000000200008a4       0x21 /home/rory/ti/ccsv8/tools/compiler/gcc-arm-none-eabi-7-2017-q4-major/bin/../lib/gcc/arm-none-eabi/7.2.1/../../../../arm-none-eabi/lib/thumb/v7e-m/fpv4-sp/hard/libc.a(lib_a-lock.o)
                0x00000000200008a4                __lock___atexit_recursive_mutex
                0x00000000200008a8                __lock___arc4random_mutex
                0x00000000200008ac                __lock___env_recursive_mutex
                0x00000000200008b0                __lock___sinit_recursive_mutex
                0x00000000200008b4                __lock___malloc_recursive_mutex
                0x00000000200008b8                __lock___at_quick_exit_mutex
                0x00000000200008bc                __lock___dd_hash_mutex
                0x00000000200008c0                __lock___tz_mutex
                0x00000000200008c4                __lock___sfp_recursive_mutex
 *fill*         0x00000000200008c5        0x3 
 COMMON         0x00000000200008c8        0x4 /home/rory/ti/ccsv8/tools/compiler/gcc-arm-none-eabi-7-2017-q4-major/bin/../lib/gcc/arm-none-eabi/7.2.1/../../../../arm-none-eabi/lib/thumb/v7e-m/fpv4-sp/hard/libc.a(lib_a-reent.o)
                0x00000000200008c8                errno
                0x00000000200008cc                . = ALIGN (0x4)
                0x00000000200008cc                __bss_end__ = .

.heap           0x00000000200008cc        0x0
                0x00000000200008cc                __heap_start__ = .
                0x00000000200008cc                end = __heap_start__
                0x00000000200008cc                _end = end
                0x00000000200008cc                __end = end
 *(.heap)
                0x00000000200008cc                __heap_end__ = .
                0x00000000200008cc                __HeapLimit = __heap_end__

.stack          0x00000000200008d0        0x0
                0x00000000200008d0                _stack = .
 *(.stack)
                0x0000000020010000                __StackTop = (ORIGIN (REGION_STACK) + LENGTH (REGION_STACK))
                0x0000000020010000                PROVIDE (__stack, __StackTop)
START GROUP
LOAD /home/rory/ti/ccsv8/tools/compiler/gcc-arm-none-eabi-7-2017-q4-major/bin/../lib/gcc/arm-none-eabi/7.2.1/thumb/v7e-m/fpv4-sp/hard/libgcc.a
LOAD /home/rory/ti/ccsv8/tools/compiler/gcc-arm-none-eabi-7-2017-q4-major/bin/../lib/gcc/arm-none-eabi/7.2.1/../../../../arm-none-eabi/lib/thumb/v7e-m/fpv4-sp/hard/libnosys.a
LOAD /home/rory/ti/ccsv8/tools/compiler/gcc-arm-none-eabi-7-2017-q4-major/bin/../lib/gcc/arm-none-eabi/7.2.1/../../../../arm-none-eabi/lib/thumb/v7e-m/fpv4-sp/hard/libc.a
END GROUP
START GROUP
LOAD /home/rory/ti/ccsv8/tools/compiler/gcc-arm-none-eabi-7-2017-q4-major/bin/../lib/gcc/arm-none-eabi/7.2.1/thumb/v7e-m/fpv4-sp/hard/libgcc.a
LOAD /home/rory/ti/ccsv8/tools/compiler/gcc-arm-none-eabi-7-2017-q4-major/bin/../lib/gcc/arm-none-eabi/7.2.1/../../../../arm-none-eabi/lib/thumb/v7e-m/fpv4-sp/hard/libg.a
LOAD /home/rory/ti/ccsv8/tools/compiler/gcc-arm-none-eabi-7-2017-q4-major/bin/../lib/gcc/arm-none-eabi/7.2.1/../../../../arm-none-eabi/lib/thumb/v7e-m/fpv4-sp/hard/libc.a
END GROUP
LOAD /home/rory/ti/ccsv8/tools/compiler/gcc-arm-none-eabi-7-2017-q4-major/bin/../lib/gcc/arm-none-eabi/7.2.1/thumb/v7e-m/fpv4-sp/hard/crtend.o
LOAD /home/rory/ti/ccsv8/tools/compiler/gcc-arm-none-eabi-7-2017-q4-major/bin/../lib/gcc/arm-none-eabi/7.2.1/thumb/v7e-m/fpv4-sp/hard/crtn.o
OUTPUT(ebc_gnu.out elf32-littlearm)

.ARM.attributes
                0x0000000000000000       0x30
 .ARM.attributes
                0x0000000000000000       0x22 /home/rory/ti/ccsv8/tools/compiler/gcc-arm-none-eabi-7-2017-q4-major/bin/../lib/gcc/arm-none-eabi/7.2.1/thumb/v7e-m/fpv4-sp/hard/crti.o
 .ARM.attributes
                0x0000000000000022       0x34 /home/rory/ti/ccsv8/tools/compiler/gcc-arm-none-eabi-7-2017-q4-major/bin/../lib/gcc/arm-none-eabi/7.2.1/thumb/v7e-m/fpv4-sp/hard/crtbegin.o
 .ARM.attributes
                0x0000000000000056       0x20 /home/rory/ti/ccsv8/tools/compiler/gcc-arm-none-eabi-7-2017-q4-major/bin/../lib/gcc/arm-none-eabi/7.2.1/../../../../arm-none-eabi/lib/thumb/v7e-m/fpv4-sp/hard/crt0.o
 .ARM.attributes
                0x0000000000000076       0x39 ./startup_msp432p401r_gcc.o
 .ARM.attributes
                0x00000000000000af       0x39 ./system_msp432p401r.o
 .ARM.attributes
                0x00000000000000e8       0x39 ./src/display.o
 .ARM.attributes
                0x0000000000000121       0x39 ./src/main.o
 .ARM.attributes
                0x000000000000015a       0x34 /home/rory/ti/ccsv8/tools/compiler/gcc-arm-none-eabi-7-2017-q4-major/bin/../lib/gcc/arm-none-eabi/7.2.1/../../../../arm-none-eabi/lib/thumb/v7e-m/fpv4-sp/hard/libc.a(lib_a-exit.o)
 .ARM.attributes
                0x000000000000018e       0x34 /home/rory/ti/ccsv8/tools/compiler/gcc-arm-none-eabi-7-2017-q4-major/bin/../lib/gcc/arm-none-eabi/7.2.1/../../../../arm-none-eabi/lib/thumb/v7e-m/fpv4-sp/hard/libc.a(lib_a-impure.o)
 .ARM.attributes
                0x00000000000001c2       0x34 /home/rory/ti/ccsv8/tools/compiler/gcc-arm-none-eabi-7-2017-q4-major/bin/../lib/gcc/arm-none-eabi/7.2.1/../../../../arm-none-eabi/lib/thumb/v7e-m/fpv4-sp/hard/libc.a(lib_a-init.o)
 .ARM.attributes
                0x00000000000001f6       0x34 /home/rory/ti/ccsv8/tools/compiler/gcc-arm-none-eabi-7-2017-q4-major/bin/../lib/gcc/arm-none-eabi/7.2.1/../../../../arm-none-eabi/lib/thumb/v7e-m/fpv4-sp/hard/libc.a(lib_a-malloc.o)
 .ARM.attributes
                0x000000000000022a       0x34 /home/rory/ti/ccsv8/tools/compiler/gcc-arm-none-eabi-7-2017-q4-major/bin/../lib/gcc/arm-none-eabi/7.2.1/../../../../arm-none-eabi/lib/thumb/v7e-m/fpv4-sp/hard/libc.a(lib_a-mallocr.o)
 .ARM.attributes
                0x000000000000025e       0x34 /home/rory/ti/ccsv8/tools/compiler/gcc-arm-none-eabi-7-2017-q4-major/bin/../lib/gcc/arm-none-eabi/7.2.1/../../../../arm-none-eabi/lib/thumb/v7e-m/fpv4-sp/hard/libc.a(lib_a-memset.o)
 .ARM.attributes
                0x0000000000000292       0x34 /home/rory/ti/ccsv8/tools/compiler/gcc-arm-none-eabi-7-2017-q4-major/bin/../lib/gcc/arm-none-eabi/7.2.1/../../../../arm-none-eabi/lib/thumb/v7e-m/fpv4-sp/hard/libc.a(lib_a-mlock.o)
 .ARM.attributes
                0x00000000000002c6       0x34 /home/rory/ti/ccsv8/tools/compiler/gcc-arm-none-eabi-7-2017-q4-major/bin/../lib/gcc/arm-none-eabi/7.2.1/../../../../arm-none-eabi/lib/thumb/v7e-m/fpv4-sp/hard/libc.a(lib_a-sbrkr.o)
 .ARM.attributes
                0x00000000000002fa       0x34 /home/rory/ti/ccsv8/tools/compiler/gcc-arm-none-eabi-7-2017-q4-major/bin/../lib/gcc/arm-none-eabi/7.2.1/../../../../arm-none-eabi/lib/thumb/v7e-m/fpv4-sp/hard/libc.a(lib_a-__call_atexit.o)
 .ARM.attributes
                0x000000000000032e       0x34 /home/rory/ti/ccsv8/tools/compiler/gcc-arm-none-eabi-7-2017-q4-major/bin/../lib/gcc/arm-none-eabi/7.2.1/../../../../arm-none-eabi/lib/thumb/v7e-m/fpv4-sp/hard/libc.a(lib_a-atexit.o)
 .ARM.attributes
                0x0000000000000362       0x34 /home/rory/ti/ccsv8/tools/compiler/gcc-arm-none-eabi-7-2017-q4-major/bin/../lib/gcc/arm-none-eabi/7.2.1/../../../../arm-none-eabi/lib/thumb/v7e-m/fpv4-sp/hard/libc.a(lib_a-fini.o)
 .ARM.attributes
                0x0000000000000396       0x34 /home/rory/ti/ccsv8/tools/compiler/gcc-arm-none-eabi-7-2017-q4-major/bin/../lib/gcc/arm-none-eabi/7.2.1/../../../../arm-none-eabi/lib/thumb/v7e-m/fpv4-sp/hard/libc.a(lib_a-freer.o)
 .ARM.attributes
                0x00000000000003ca       0x34 /home/rory/ti/ccsv8/tools/compiler/gcc-arm-none-eabi-7-2017-q4-major/bin/../lib/gcc/arm-none-eabi/7.2.1/../../../../arm-none-eabi/lib/thumb/v7e-m/fpv4-sp/hard/libc.a(lib_a-lock.o)
 .ARM.attributes
                0x00000000000003fe       0x34 /home/rory/ti/ccsv8/tools/compiler/gcc-arm-none-eabi-7-2017-q4-major/bin/../lib/gcc/arm-none-eabi/7.2.1/../../../../arm-none-eabi/lib/thumb/v7e-m/fpv4-sp/hard/libc.a(lib_a-reent.o)
 .ARM.attributes
                0x0000000000000432       0x34 /home/rory/ti/ccsv8/tools/compiler/gcc-arm-none-eabi-7-2017-q4-major/bin/../lib/gcc/arm-none-eabi/7.2.1/../../../../arm-none-eabi/lib/thumb/v7e-m/fpv4-sp/hard/libc.a(lib_a-__atexit.o)
 .ARM.attributes
                0x0000000000000466       0x34 /home/rory/ti/ccsv8/tools/compiler/gcc-arm-none-eabi-7-2017-q4-major/bin/../lib/gcc/arm-none-eabi/7.2.1/../../../../arm-none-eabi/lib/thumb/v7e-m/fpv4-sp/hard/libnosys.a(sbrk.o)
 .ARM.attributes
                0x000000000000049a       0x34 /home/rory/ti/ccsv8/tools/compiler/gcc-arm-none-eabi-7-2017-q4-major/bin/../lib/gcc/arm-none-eabi/7.2.1/../../../../arm-none-eabi/lib/thumb/v7e-m/fpv4-sp/hard/libnosys.a(_exit.o)
 .ARM.attributes
                0x00000000000004ce       0x34 /home/rory/ti/ccsv8/tools/compiler/gcc-arm-none-eabi-7-2017-q4-major/bin/../lib/gcc/arm-none-eabi/7.2.1/thumb/v7e-m/fpv4-sp/hard/crtend.o
 .ARM.attributes
                0x0000000000000502       0x22 /home/rory/ti/ccsv8/tools/compiler/gcc-arm-none-eabi-7-2017-q4-major/bin/../lib/gcc/arm-none-eabi/7.2.1/thumb/v7e-m/fpv4-sp/hard/crtn.o

.comment        0x0000000000000000       0x7e
 .comment       0x0000000000000000       0x7e ./startup_msp432p401r_gcc.o
                                         0x7f (size before relaxing)
 .comment       0x000000000000007e       0x7f ./system_msp432p401r.o
 .comment       0x000000000000007e       0x7f ./src/display.o
 .comment       0x000000000000007e       0x7f ./src/main.o

.debug_info     0x0000000000000000     0x1f07
 .debug_info    0x0000000000000000      0x142 ./startup_msp432p401r_gcc.o
 .debug_info    0x0000000000000142      0xd14 ./system_msp432p401r.o
 .debug_info    0x0000000000000e56      0xa44 ./src/display.o
 .debug_info    0x000000000000189a      0x66d ./src/main.o

.debug_abbrev   0x0000000000000000      0x560
 .debug_abbrev  0x0000000000000000       0xbd ./startup_msp432p401r_gcc.o
 .debug_abbrev  0x00000000000000bd      0x115 ./system_msp432p401r.o
 .debug_abbrev  0x00000000000001d2      0x208 ./src/display.o
 .debug_abbrev  0x00000000000003da      0x186 ./src/main.o

.debug_aranges  0x0000000000000000       0x80
 .debug_aranges
                0x0000000000000000       0x20 ./startup_msp432p401r_gcc.o
 .debug_aranges
                0x0000000000000020       0x20 ./system_msp432p401r.o
 .debug_aranges
                0x0000000000000040       0x20 ./src/display.o
 .debug_aranges
                0x0000000000000060       0x20 ./src/main.o

.debug_line     0x0000000000000000      0x79b
 .debug_line    0x0000000000000000      0x139 ./startup_msp432p401r_gcc.o
 .debug_line    0x0000000000000139      0x231 ./system_msp432p401r.o
 .debug_line    0x000000000000036a      0x24b ./src/display.o
 .debug_line    0x00000000000005b5      0x1e6 ./src/main.o

.debug_str      0x0000000000000000     0x120c
 .debug_str     0x0000000000000000      0x1cf ./startup_msp432p401r_gcc.o
                                        0x20c (size before relaxing)
 .debug_str     0x00000000000001cf      0x8fa ./system_msp432p401r.o
                                        0xa9f (size before relaxing)
 .debug_str     0x0000000000000ac9      0x455 ./src/display.o
                                        0x617 (size before relaxing)
 .debug_str     0x0000000000000f1e      0x2ee ./src/main.o
                                        0x567 (size before relaxing)

.debug_frame    0x0000000000000000      0x598
 .debug_frame   0x0000000000000000       0x4c ./startup_msp432p401r_gcc.o
 .debug_frame   0x000000000000004c       0x58 ./system_msp432p401r.o
 .debug_frame   0x00000000000000a4       0x84 ./src/display.o
 .debug_frame   0x0000000000000128       0x48 ./src/main.o
 .debug_frame   0x0000000000000170       0x28 /home/rory/ti/ccsv8/tools/compiler/gcc-arm-none-eabi-7-2017-q4-major/bin/../lib/gcc/arm-none-eabi/7.2.1/../../../../arm-none-eabi/lib/thumb/v7e-m/fpv4-sp/hard/libc.a(lib_a-exit.o)
 .debug_frame   0x0000000000000198       0x2c /home/rory/ti/ccsv8/tools/compiler/gcc-arm-none-eabi-7-2017-q4-major/bin/../lib/gcc/arm-none-eabi/7.2.1/../../../../arm-none-eabi/lib/thumb/v7e-m/fpv4-sp/hard/libc.a(lib_a-init.o)
 .debug_frame   0x00000000000001c4       0x30 /home/rory/ti/ccsv8/tools/compiler/gcc-arm-none-eabi-7-2017-q4-major/bin/../lib/gcc/arm-none-eabi/7.2.1/../../../../arm-none-eabi/lib/thumb/v7e-m/fpv4-sp/hard/libc.a(lib_a-malloc.o)
 .debug_frame   0x00000000000001f4       0x54 /home/rory/ti/ccsv8/tools/compiler/gcc-arm-none-eabi-7-2017-q4-major/bin/../lib/gcc/arm-none-eabi/7.2.1/../../../../arm-none-eabi/lib/thumb/v7e-m/fpv4-sp/hard/libc.a(lib_a-mallocr.o)
 .debug_frame   0x0000000000000248       0x38 /home/rory/ti/ccsv8/tools/compiler/gcc-arm-none-eabi-7-2017-q4-major/bin/../lib/gcc/arm-none-eabi/7.2.1/../../../../arm-none-eabi/lib/thumb/v7e-m/fpv4-sp/hard/libc.a(lib_a-memset.o)
 .debug_frame   0x0000000000000280       0x30 /home/rory/ti/ccsv8/tools/compiler/gcc-arm-none-eabi-7-2017-q4-major/bin/../lib/gcc/arm-none-eabi/7.2.1/../../../../arm-none-eabi/lib/thumb/v7e-m/fpv4-sp/hard/libc.a(lib_a-mlock.o)
 .debug_frame   0x00000000000002b0       0x2c /home/rory/ti/ccsv8/tools/compiler/gcc-arm-none-eabi-7-2017-q4-major/bin/../lib/gcc/arm-none-eabi/7.2.1/../../../../arm-none-eabi/lib/thumb/v7e-m/fpv4-sp/hard/libc.a(lib_a-sbrkr.o)
 .debug_frame   0x00000000000002dc       0x5c /home/rory/ti/ccsv8/tools/compiler/gcc-arm-none-eabi-7-2017-q4-major/bin/../lib/gcc/arm-none-eabi/7.2.1/../../../../arm-none-eabi/lib/thumb/v7e-m/fpv4-sp/hard/libc.a(lib_a-__call_atexit.o)
 .debug_frame   0x0000000000000338       0x20 /home/rory/ti/ccsv8/tools/compiler/gcc-arm-none-eabi-7-2017-q4-major/bin/../lib/gcc/arm-none-eabi/7.2.1/../../../../arm-none-eabi/lib/thumb/v7e-m/fpv4-sp/hard/libc.a(lib_a-atexit.o)
 .debug_frame   0x0000000000000358       0x34 /home/rory/ti/ccsv8/tools/compiler/gcc-arm-none-eabi-7-2017-q4-major/bin/../lib/gcc/arm-none-eabi/7.2.1/../../../../arm-none-eabi/lib/thumb/v7e-m/fpv4-sp/hard/libc.a(lib_a-fini.o)
 .debug_frame   0x000000000000038c       0x80 /home/rory/ti/ccsv8/tools/compiler/gcc-arm-none-eabi-7-2017-q4-major/bin/../lib/gcc/arm-none-eabi/7.2.1/../../../../arm-none-eabi/lib/thumb/v7e-m/fpv4-sp/hard/libc.a(lib_a-freer.o)
 .debug_frame   0x000000000000040c       0xb0 /home/rory/ti/ccsv8/tools/compiler/gcc-arm-none-eabi-7-2017-q4-major/bin/../lib/gcc/arm-none-eabi/7.2.1/../../../../arm-none-eabi/lib/thumb/v7e-m/fpv4-sp/hard/libc.a(lib_a-lock.o)
 .debug_frame   0x00000000000004bc       0x68 /home/rory/ti/ccsv8/tools/compiler/gcc-arm-none-eabi-7-2017-q4-major/bin/../lib/gcc/arm-none-eabi/7.2.1/../../../../arm-none-eabi/lib/thumb/v7e-m/fpv4-sp/hard/libc.a(lib_a-reent.o)
 .debug_frame   0x0000000000000524       0x34 /home/rory/ti/ccsv8/tools/compiler/gcc-arm-none-eabi-7-2017-q4-major/bin/../lib/gcc/arm-none-eabi/7.2.1/../../../../arm-none-eabi/lib/thumb/v7e-m/fpv4-sp/hard/libc.a(lib_a-__atexit.o)
 .debug_frame   0x0000000000000558       0x20 /home/rory/ti/ccsv8/tools/compiler/gcc-arm-none-eabi-7-2017-q4-major/bin/../lib/gcc/arm-none-eabi/7.2.1/../../../../arm-none-eabi/lib/thumb/v7e-m/fpv4-sp/hard/libnosys.a(sbrk.o)
 .debug_frame   0x0000000000000578       0x20 /home/rory/ti/ccsv8/tools/compiler/gcc-arm-none-eabi-7-2017-q4-major/bin/../lib/gcc/arm-none-eabi/7.2.1/../../../../arm-none-eabi/lib/thumb/v7e-m/fpv4-sp/hard/libnosys.a(_exit.o)
